  Determinando los proyectos que se van a restaurar...
  Todos los proyectos están actualizados para la restauración.
  Sonar: (SIG.Domain.csproj) The analysis targets file not found: C:\Users\NallibeRiveraGrisale\Workspaces\SIG-es\backend\.sonarqube\bin\targets\SonarQube.Integration.targets
  SIG.Domain -> C:\Users\NallibeRiveraGrisale\Workspaces\SIG-es\backend\SIG.Domain\bin\Debug\net10.0\SIG.Domain.dll
  Sonar: (SIG.Application.csproj) The analysis targets file not found: C:\Users\NallibeRiveraGrisale\Workspaces\SIG-es\backend\.sonarqube\bin\targets\SonarQube.Integration.targets
  SIG.Application -> C:\Users\NallibeRiveraGrisale\Workspaces\SIG-es\backend\SIG.Application\bin\Debug\net10.0\SIG.Application.dll
  Sonar: (SIG.Infrastructure.csproj) The analysis targets file not found: C:\Users\NallibeRiveraGrisale\Workspaces\SIG-es\backend\.sonarqube\bin\targets\SonarQube.Integration.targets
  SIG.Infrastructure -> C:\Users\NallibeRiveraGrisale\Workspaces\SIG-es\backend\SIG.Infrastructure\bin\Debug\net10.0\SIG.Infrastructure.dll
  Sonar: (SIG.API.csproj) The analysis targets file not found: C:\Users\NallibeRiveraGrisale\Workspaces\SIG-es\backend\.sonarqube\bin\targets\SonarQube.Integration.targets
  SIG.API -> C:\Users\NallibeRiveraGrisale\Workspaces\SIG-es\backend\SIG.API\bin\Debug\net10.0\SIG.API.dll
  Sonar: (SIG.Tests.csproj) The analysis targets file not found: C:\Users\NallibeRiveraGrisale\Workspaces\SIG-es\backend\.sonarqube\bin\targets\SonarQube.Integration.targets
  SIG.Tests -> C:\Users\NallibeRiveraGrisale\Workspaces\SIG-es\backend\SIG.Tests\bin\Debug\net10.0\SIG.Tests.dll
Serie de pruebas para C:\Users\NallibeRiveraGrisale\Workspaces\SIG-es\backend\SIG.Tests\bin\Debug\net10.0\SIG.Tests.dll (.NETCoreApp,Version=v10.0)
1 archivos de prueba en total coincidieron con el patrón especificado.
[xUnit.net 00:00:02.56]     SIG.Tests.Integration.OwnershipTests.PmBeta_VeSusProyectos [FAIL]
[xUnit.net 00:00:02.79]     SIG.Tests.Integration.OwnershipTests.Reader_NoPuedeAccederAudit_Devuelve403 [FAIL]
[xUnit.net 00:00:03.02]     SIG.Tests.Integration.OwnershipTests.Reader_NoPuedeCrearCliente_Devuelve403 [FAIL]
[xUnit.net 00:00:03.24]     SIG.Tests.Integration.OwnershipTests.Auditor_PuedeAccederAudit_PeroNoSync [FAIL]
[xUnit.net 00:00:03.47]     SIG.Tests.Integration.OwnershipTests.PmAlpha_NoVeProyectosDeBeta_DevuelveListaSoloAlpha [FAIL]
  Con error SIG.Tests.Integration.OwnershipTests.PmBeta_VeSusProyectos [897 ms]
  Mensaje de error:
   System.Net.Http.HttpRequestException : Response status code does not indicate success: 400 (Bad Request).
  Seguimiento de la pila:
     at System.Net.Http.HttpResponseMessage.EnsureSuccessStatusCode()
   at SIG.Tests.Integration.IntegrationTestFixture.LoginAsync(HttpClient client, String email, String password) in C:\Users\NallibeRiveraGrisale\Workspaces\SIG-es\backend\SIG.Tests\Integration\IntegrationTestBase.cs:line 96
   at SIG.Tests.Integration.IntegrationTestBase.CreateAuthenticatedClientAsync(String email, String password) in C:\Users\NallibeRiveraGrisale\Workspaces\SIG-es\backend\SIG.Tests\Integration\IntegrationTestBase.cs:line 34
   at SIG.Tests.Integration.OwnershipTests.PmBeta_VeSusProyectos() in C:\Users\NallibeRiveraGrisale\Workspaces\SIG-es\backend\SIG.Tests\Integration\OwnershipTests.cs:line 37
--- End of stack trace from previous location ---
  Con error SIG.Tests.Integration.OwnershipTests.Reader_NoPuedeAccederAudit_Devuelve403 [227 ms]
  Mensaje de error:
   System.Net.Http.HttpRequestException : Response status code does not indicate success: 400 (Bad Request).
  Seguimiento de la pila:
     at System.Net.Http.HttpResponseMessage.EnsureSuccessStatusCode()
   at SIG.Tests.Integration.IntegrationTestFixture.LoginAsync(HttpClient client, String email, String password) in C:\Users\NallibeRiveraGrisale\Workspaces\SIG-es\backend\SIG.Tests\Integration\IntegrationTestBase.cs:line 96
   at SIG.Tests.Integration.IntegrationTestBase.CreateAuthenticatedClientAsync(String email, String password) in C:\Users\NallibeRiveraGrisale\Workspaces\SIG-es\backend\SIG.Tests\Integration\IntegrationTestBase.cs:line 34
   at SIG.Tests.Integration.OwnershipTests.Reader_NoPuedeAccederAudit_Devuelve403() in C:\Users\NallibeRiveraGrisale\Workspaces\SIG-es\backend\SIG.Tests\Integration\OwnershipTests.cs:line 120
--- End of stack trace from previous location ---
  Con error SIG.Tests.Integration.OwnershipTests.Reader_NoPuedeCrearCliente_Devuelve403 [228 ms]
  Mensaje de error:
   System.Net.Http.HttpRequestException : Response status code does not indicate success: 400 (Bad Request).
  Seguimiento de la pila:
     at System.Net.Http.HttpResponseMessage.EnsureSuccessStatusCode()
   at SIG.Tests.Integration.IntegrationTestFixture.LoginAsync(HttpClient client, String email, String password) in C:\Users\NallibeRiveraGrisale\Workspaces\SIG-es\backend\SIG.Tests\Integration\IntegrationTestBase.cs:line 96
   at SIG.Tests.Integration.IntegrationTestBase.CreateAuthenticatedClientAsync(String email, String password) in C:\Users\NallibeRiveraGrisale\Workspaces\SIG-es\backend\SIG.Tests\Integration\IntegrationTestBase.cs:line 34
   at SIG.Tests.Integration.OwnershipTests.Reader_NoPuedeCrearCliente_Devuelve403() in C:\Users\NallibeRiveraGrisale\Workspaces\SIG-es\backend\SIG.Tests\Integration\OwnershipTests.cs:line 101
--- End of stack trace from previous location ---
  Con error SIG.Tests.Integration.OwnershipTests.Auditor_PuedeAccederAudit_PeroNoSync [219 ms]
  Mensaje de error:
   System.Net.Http.HttpRequestException : Response status code does not indicate success: 400 (Bad Request).
  Seguimiento de la pila:
     at System.Net.Http.HttpResponseMessage.EnsureSuccessStatusCode()
   at SIG.Tests.Integration.IntegrationTestFixture.LoginAsync(HttpClient client, String email, String password) in C:\Users\NallibeRiveraGrisale\Workspaces\SIG-es\backend\SIG.Tests\Integration\IntegrationTestBase.cs:line 96
   at SIG.Tests.Integration.IntegrationTestBase.CreateAuthenticatedClientAsync(String email, String password) in C:\Users\NallibeRiveraGrisale\Workspaces\SIG-es\backend\SIG.Tests\Integration\IntegrationTestBase.cs:line 34
   at SIG.Tests.Integration.OwnershipTests.Auditor_PuedeAccederAudit_PeroNoSync() in C:\Users\NallibeRiveraGrisale\Workspaces\SIG-es\backend\SIG.Tests\Integration\OwnershipTests.cs:line 110
--- End of stack trace from previous location ---
  Con error SIG.Tests.Integration.OwnershipTests.PmAlpha_NoVeProyectosDeBeta_DevuelveListaSoloAlpha [227 ms]
  Mensaje de error:
   System.Net.Http.HttpRequestException : Response status code does not indicate success: 400 (Bad Request).
  Seguimiento de la pila:
     at System.Net.Http.HttpResponseMessage.EnsureSuccessStatusCode()
   at SIG.Tests.Integration.IntegrationTestFixture.LoginAsync(HttpClient client, String email, String password) in C:\Users\NallibeRiveraGrisale\Workspaces\SIG-es\backend\SIG.Tests\Integration\IntegrationTestBase.cs:line 96
   at SIG.Tests.Integration.IntegrationTestBase.CreateAuthenticatedClientAsync(String email, String password) in C:\Users\NallibeRiveraGrisale\Workspaces\SIG-es\backend\SIG.Tests\Integration\IntegrationTestBase.cs:line 34
   at SIG.Tests.Integration.OwnershipTests.PmAlpha_NoVeProyectosDeBeta_DevuelveListaSoloAlpha() in C:\Users\NallibeRiveraGrisale\Workspaces\SIG-es\backend\SIG.Tests\Integration\OwnershipTests.cs:line 24
--- End of stack trace from previous location ---
[xUnit.net 00:00:03.70]     SIG.Tests.Integration.OwnershipTests.PmAlpha_AccedeClosureDeBetaPorId_Devuelve404 [FAIL]
[xUnit.net 00:00:03.95]     SIG.Tests.Integration.OwnershipTests.Reader_PuedeListarProyectos_SiendoSoloLectura [FAIL]
[xUnit.net 00:00:04.21]     SIG.Tests.Integration.OwnershipTests.PmAlpha_AccedeProjectDeBetaPorId_Devuelve404 [FAIL]
[xUnit.net 00:00:04.47]     SIG.Tests.Integration.OwnershipTests.Administrator_VeTodosLosProyectos [FAIL]
[xUnit.net 00:00:04.86]     SIG.Tests.Integration.OtherEndpointsTests.GetRoles_ComoReader_Devuelve403 [FAIL]
  Con error SIG.Tests.Integration.OwnershipTests.PmAlpha_AccedeClosureDeBetaPorId_Devuelve404 [233 ms]
  Mensaje de error:
   System.Net.Http.HttpRequestException : Response status code does not indicate success: 400 (Bad Request).
  Seguimiento de la pila:
     at System.Net.Http.HttpResponseMessage.EnsureSuccessStatusCode()
   at SIG.Tests.Integration.IntegrationTestFixture.LoginAsync(HttpClient client, String email, String password) in C:\Users\NallibeRiveraGrisale\Workspaces\SIG-es\backend\SIG.Tests\Integration\IntegrationTestBase.cs:line 96
   at SIG.Tests.Integration.IntegrationTestBase.CreateAuthenticatedClientAsync(String email, String password) in C:\Users\NallibeRiveraGrisale\Workspaces\SIG-es\backend\SIG.Tests\Integration\IntegrationTestBase.cs:line 34
   at SIG.Tests.Integration.OwnershipTests.PmAlpha_AccedeClosureDeBetaPorId_Devuelve404() in C:\Users\NallibeRiveraGrisale\Workspaces\SIG-es\backend\SIG.Tests\Integration\OwnershipTests.cs:line 76
--- End of stack trace from previous location ---
  Con error SIG.Tests.Integration.OwnershipTests.Reader_PuedeListarProyectos_SiendoSoloLectura [250 ms]
  Mensaje de error:
   System.Net.Http.HttpRequestException : Response status code does not indicate success: 400 (Bad Request).
  Seguimiento de la pila:
     at System.Net.Http.HttpResponseMessage.EnsureSuccessStatusCode()
   at SIG.Tests.Integration.IntegrationTestFixture.LoginAsync(HttpClient client, String email, String password) in C:\Users\NallibeRiveraGrisale\Workspaces\SIG-es\backend\SIG.Tests\Integration\IntegrationTestBase.cs:line 96
   at SIG.Tests.Integration.IntegrationTestBase.CreateAuthenticatedClientAsync(String email, String password) in C:\Users\NallibeRiveraGrisale\Workspaces\SIG-es\backend\SIG.Tests\Integration\IntegrationTestBase.cs:line 34
   at SIG.Tests.Integration.OwnershipTests.Reader_PuedeListarProyectos_SiendoSoloLectura() in C:\Users\NallibeRiveraGrisale\Workspaces\SIG-es\backend\SIG.Tests\Integration\OwnershipTests.cs:line 93
--- End of stack trace from previous location ---
  Con error SIG.Tests.Integration.OwnershipTests.PmAlpha_AccedeProjectDeBetaPorId_Devuelve404 [256 ms]
  Mensaje de error:
   System.Net.Http.HttpRequestException : Response status code does not indicate success: 400 (Bad Request).
  Seguimiento de la pila:
     at System.Net.Http.HttpResponseMessage.EnsureSuccessStatusCode()
   at SIG.Tests.Integration.IntegrationTestFixture.LoginAsync(HttpClient client, String email, String password) in C:\Users\NallibeRiveraGrisale\Workspaces\SIG-es\backend\SIG.Tests\Integration\IntegrationTestBase.cs:line 96
   at SIG.Tests.Integration.IntegrationTestBase.CreateAuthenticatedClientAsync(String email, String password) in C:\Users\NallibeRiveraGrisale\Workspaces\SIG-es\backend\SIG.Tests\Integration\IntegrationTestBase.cs:line 34
   at SIG.Tests.Integration.OwnershipTests.PmAlpha_AccedeProjectDeBetaPorId_Devuelve404() in C:\Users\NallibeRiveraGrisale\Workspaces\SIG-es\backend\SIG.Tests\Integration\OwnershipTests.cs:line 47
--- End of stack trace from previous location ---
  Con error SIG.Tests.Integration.OwnershipTests.Administrator_VeTodosLosProyectos [255 ms]
  Mensaje de error:
   System.Net.Http.HttpRequestException : Response status code does not indicate success: 400 (Bad Request).
  Seguimiento de la pila:
     at System.Net.Http.HttpResponseMessage.EnsureSuccessStatusCode()
   at SIG.Tests.Integration.IntegrationTestFixture.LoginAsync(HttpClient client, String email, String password) in C:\Users\NallibeRiveraGrisale\Workspaces\SIG-es\backend\SIG.Tests\Integration\IntegrationTestBase.cs:line 96
   at SIG.Tests.Integration.IntegrationTestBase.CreateAuthenticatedClientAsync(String email, String password) in C:\Users\NallibeRiveraGrisale\Workspaces\SIG-es\backend\SIG.Tests\Integration\IntegrationTestBase.cs:line 34
   at SIG.Tests.Integration.OwnershipTests.Administrator_VeTodosLosProyectos() in C:\Users\NallibeRiveraGrisale\Workspaces\SIG-es\backend\SIG.Tests\Integration\OwnershipTests.cs:line 60
--- End of stack trace from previous location ---
  Con error SIG.Tests.Integration.OtherEndpointsTests.GetRoles_ComoReader_Devuelve403 [284 ms]
  Mensaje de error:
   System.Net.Http.HttpRequestException : Response status code does not indicate success: 400 (Bad Request).
  Seguimiento de la pila:
     at System.Net.Http.HttpResponseMessage.EnsureSuccessStatusCode()
   at SIG.Tests.Integration.IntegrationTestFixture.LoginAsync(HttpClient client, String email, String password) in C:\Users\NallibeRiveraGrisale\Workspaces\SIG-es\backend\SIG.Tests\Integration\IntegrationTestBase.cs:line 96
   at SIG.Tests.Integration.IntegrationTestBase.CreateAuthenticatedClientAsync(String email, String password) in C:\Users\NallibeRiveraGrisale\Workspaces\SIG-es\backend\SIG.Tests\Integration\IntegrationTestBase.cs:line 34
   at SIG.Tests.Integration.OtherEndpointsTests.GetRoles_ComoReader_Devuelve403() in C:\Users\NallibeRiveraGrisale\Workspaces\SIG-es\backend\SIG.Tests\Integration\OtherEndpointsTests.cs:line 289
--- End of stack trace from previous location ---
[xUnit.net 00:00:05.10]     SIG.Tests.Integration.OtherEndpointsTests.PostValidarFormula_FormulaInvalida_DevuelveOkFalse [FAIL]
[xUnit.net 00:00:05.32]     SIG.Tests.Integration.OtherEndpointsTests.PostRegenerarSeed_ComoReader_Devuelve403 [FAIL]
[xUnit.net 00:00:05.55]     SIG.Tests.Integration.OtherEndpointsTests.GetUsers_ComoReader_Devuelve403 [FAIL]
[xUnit.net 00:00:05.77]     SIG.Tests.Integration.OtherEndpointsTests.PostCostCenter_CodigoNoSeisDigitos_Devuelve400 [FAIL]
[xUnit.net 00:00:05.99]     SIG.Tests.Integration.OtherEndpointsTests.GetConcepts_DevuelvePaginado [FAIL]
[xUnit.net 00:00:06.23]     SIG.Tests.Integration.OtherEndpointsTests.PostRegenerarSeed_ComoAdminEnTesting_Devuelve200 [FAIL]
[xUnit.net 00:00:06.45]     SIG.Tests.Integration.OtherEndpointsTests.PostSyncCelero_ComoAdmin_Devuelve200ConResumen [FAIL]
  Con error SIG.Tests.Integration.OtherEndpointsTests.PostValidarFormula_FormulaInvalida_DevuelveOkFalse [234 ms]
  Mensaje de error:
   System.Net.Http.HttpRequestException : Response status code does not indicate success: 400 (Bad Request).
  Seguimiento de la pila:
     at System.Net.Http.HttpResponseMessage.EnsureSuccessStatusCode()
   at SIG.Tests.Integration.IntegrationTestFixture.LoginAsync(HttpClient client, String email, String password) in C:\Users\NallibeRiveraGrisale\Workspaces\SIG-es\backend\SIG.Tests\Integration\IntegrationTestBase.cs:line 96
   at SIG.Tests.Integration.IntegrationTestBase.CreateAuthenticatedClientAsync(String email, String password) in C:\Users\NallibeRiveraGrisale\Workspaces\SIG-es\backend\SIG.Tests\Integration\IntegrationTestBase.cs:line 34
   at SIG.Tests.Integration.OtherEndpointsTests.PostValidarFormula_FormulaInvalida_DevuelveOkFalse() in C:\Users\NallibeRiveraGrisale\Workspaces\SIG-es\backend\SIG.Tests\Integration\OtherEndpointsTests.cs:line 81
--- End of stack trace from previous location ---
  Con error SIG.Tests.Integration.OtherEndpointsTests.PostRegenerarSeed_ComoReader_Devuelve403 [224 ms]
  Mensaje de error:
   System.Net.Http.HttpRequestException : Response status code does not indicate success: 400 (Bad Request).
  Seguimiento de la pila:
     at System.Net.Http.HttpResponseMessage.EnsureSuccessStatusCode()
   at SIG.Tests.Integration.IntegrationTestFixture.LoginAsync(HttpClient client, String email, String password) in C:\Users\NallibeRiveraGrisale\Workspaces\SIG-es\backend\SIG.Tests\Integration\IntegrationTestBase.cs:line 96
   at SIG.Tests.Integration.IntegrationTestBase.CreateAuthenticatedClientAsync(String email, String password) in C:\Users\NallibeRiveraGrisale\Workspaces\SIG-es\backend\SIG.Tests\Integration\IntegrationTestBase.cs:line 34
   at SIG.Tests.Integration.OtherEndpointsTests.PostRegenerarSeed_ComoReader_Devuelve403() in C:\Users\NallibeRiveraGrisale\Workspaces\SIG-es\backend\SIG.Tests\Integration\OtherEndpointsTests.cs:line 239
--- End of stack trace from previous location ---
  Con error SIG.Tests.Integration.OtherEndpointsTests.GetUsers_ComoReader_Devuelve403 [223 ms]
  Mensaje de error:
   System.Net.Http.HttpRequestException : Response status code does not indicate success: 400 (Bad Request).
  Seguimiento de la pila:
     at System.Net.Http.HttpResponseMessage.EnsureSuccessStatusCode()
   at SIG.Tests.Integration.IntegrationTestFixture.LoginAsync(HttpClient client, String email, String password) in C:\Users\NallibeRiveraGrisale\Workspaces\SIG-es\backend\SIG.Tests\Integration\IntegrationTestBase.cs:line 96
   at SIG.Tests.Integration.IntegrationTestBase.CreateAuthenticatedClientAsync(String email, String password) in C:\Users\NallibeRiveraGrisale\Workspaces\SIG-es\backend\SIG.Tests\Integration\IntegrationTestBase.cs:line 34
   at SIG.Tests.Integration.OtherEndpointsTests.GetUsers_ComoReader_Devuelve403() in C:\Users\NallibeRiveraGrisale\Workspaces\SIG-es\backend\SIG.Tests\Integration\OtherEndpointsTests.cs:line 104
--- End of stack trace from previous location ---
  Con error SIG.Tests.Integration.OtherEndpointsTests.PostCostCenter_CodigoNoSeisDigitos_Devuelve400 [227 ms]
  Mensaje de error:
   System.Net.Http.HttpRequestException : Response status code does not indicate success: 400 (Bad Request).
  Seguimiento de la pila:
     at System.Net.Http.HttpResponseMessage.EnsureSuccessStatusCode()
   at SIG.Tests.Integration.IntegrationTestFixture.LoginAsync(HttpClient client, String email, String password) in C:\Users\NallibeRiveraGrisale\Workspaces\SIG-es\backend\SIG.Tests\Integration\IntegrationTestBase.cs:line 96
   at SIG.Tests.Integration.IntegrationTestBase.CreateAuthenticatedClientAsync(String email, String password) in C:\Users\NallibeRiveraGrisale\Workspaces\SIG-es\backend\SIG.Tests\Integration\IntegrationTestBase.cs:line 34
   at SIG.Tests.Integration.OtherEndpointsTests.PostCostCenter_CodigoNoSeisDigitos_Devuelve400() in C:\Users\NallibeRiveraGrisale\Workspaces\SIG-es\backend\SIG.Tests\Integration\OtherEndpointsTests.cs:line 315
--- End of stack trace from previous location ---
  Con error SIG.Tests.Integration.OtherEndpointsTests.GetConcepts_DevuelvePaginado [217 ms]
  Mensaje de error:
   System.Net.Http.HttpRequestException : Response status code does not indicate success: 400 (Bad Request).
  Seguimiento de la pila:
     at System.Net.Http.HttpResponseMessage.EnsureSuccessStatusCode()
   at SIG.Tests.Integration.IntegrationTestFixture.LoginAsync(HttpClient client, String email, String password) in C:\Users\NallibeRiveraGrisale\Workspaces\SIG-es\backend\SIG.Tests\Integration\IntegrationTestBase.cs:line 96
   at SIG.Tests.Integration.IntegrationTestBase.CreateAuthenticatedClientAsync(String email, String password) in C:\Users\NallibeRiveraGrisale\Workspaces\SIG-es\backend\SIG.Tests\Integration\IntegrationTestBase.cs:line 34
   at SIG.Tests.Integration.OtherEndpointsTests.GetConcepts_DevuelvePaginado() in C:\Users\NallibeRiveraGrisale\Workspaces\SIG-es\backend\SIG.Tests\Integration\OtherEndpointsTests.cs:line 73
--- End of stack trace from previous location ---
  Con error SIG.Tests.Integration.OtherEndpointsTests.PostRegenerarSeed_ComoAdminEnTesting_Devuelve200 [234 ms]
  Mensaje de error:
   System.Net.Http.HttpRequestException : Response status code does not indicate success: 400 (Bad Request).
  Seguimiento de la pila:
     at System.Net.Http.HttpResponseMessage.EnsureSuccessStatusCode()
   at SIG.Tests.Integration.IntegrationTestFixture.LoginAsync(HttpClient client, String email, String password) in C:\Users\NallibeRiveraGrisale\Workspaces\SIG-es\backend\SIG.Tests\Integration\IntegrationTestBase.cs:line 96
   at SIG.Tests.Integration.IntegrationTestBase.CreateAuthenticatedClientAsync(String email, String password) in C:\Users\NallibeRiveraGrisale\Workspaces\SIG-es\backend\SIG.Tests\Integration\IntegrationTestBase.cs:line 34
   at SIG.Tests.Integration.OtherEndpointsTests.PostRegenerarSeed_ComoAdminEnTesting_Devuelve200() in C:\Users\NallibeRiveraGrisale\Workspaces\SIG-es\backend\SIG.Tests\Integration\OtherEndpointsTests.cs:line 223
--- End of stack trace from previous location ---
  Con error SIG.Tests.Integration.OtherEndpointsTests.PostSyncCelero_ComoAdmin_Devuelve200ConResumen [222 ms]
  Mensaje de error:
   System.Net.Http.HttpRequestException : Response status code does not indicate success: 400 (Bad Request).
  Seguimiento de la pila:
     at System.Net.Http.HttpResponseMessage.EnsureSuccessStatusCode()
   at SIG.Tests.Integration.IntegrationTestFixture.LoginAsync(HttpClient client, String email, String password) in C:\Users\NallibeRiveraGrisale\Workspaces\SIG-es\backend\SIG.Tests\Integration\IntegrationTestBase.cs:line 96
   at SIG.Tests.Integration.IntegrationTestBase.CreateAuthenticatedClientAsync(String email, String password) in C:\Users\NallibeRiveraGrisale\Workspaces\SIG-es\backend\SIG.Tests\Integration\IntegrationTestBase.cs:line 34
   at SIG.Tests.Integration.OtherEndpointsTests.PostSyncCelero_ComoAdmin_Devuelve200ConResumen() in C:\Users\NallibeRiveraGrisale\Workspaces\SIG-es\backend\SIG.Tests\Integration\OtherEndpointsTests.cs:line 134
--- End of stack trace from previous location ---
[xUnit.net 00:00:06.67]     SIG.Tests.Integration.OtherEndpointsTests.EntityNotFound_DevuelveProblemDetailsConCodeSemantico [FAIL]
[xUnit.net 00:00:06.90]     SIG.Tests.Integration.OtherEndpointsTests.GetDashboardAvisos_DevuelveLista [FAIL]
[xUnit.net 00:00:07.13]     SIG.Tests.Integration.OtherEndpointsTests.GetDepartments_ComoAdmin_DevuelveLista [FAIL]
[xUnit.net 00:00:07.35]     SIG.Tests.Integration.OtherEndpointsTests.GetActions_DevuelvePaginado [FAIL]
[xUnit.net 00:00:07.59]     SIG.Tests.Integration.OtherEndpointsTests.GetDashboard_DevuelveKpis [FAIL]
[xUnit.net 00:00:07.83]     SIG.Tests.Integration.OtherEndpointsTests.GetExportA3Innuva_ClosureNoAprobado_Devuelve409 [FAIL]
  Con error SIG.Tests.Integration.OtherEndpointsTests.EntityNotFound_DevuelveProblemDetailsConCodeSemantico [217 ms]
  Mensaje de error:
   System.Net.Http.HttpRequestException : Response status code does not indicate success: 400 (Bad Request).
  Seguimiento de la pila:
     at System.Net.Http.HttpResponseMessage.EnsureSuccessStatusCode()
   at SIG.Tests.Integration.IntegrationTestFixture.LoginAsync(HttpClient client, String email, String password) in C:\Users\NallibeRiveraGrisale\Workspaces\SIG-es\backend\SIG.Tests\Integration\IntegrationTestBase.cs:line 96
   at SIG.Tests.Integration.IntegrationTestBase.CreateAuthenticatedClientAsync(String email, String password) in C:\Users\NallibeRiveraGrisale\Workspaces\SIG-es\backend\SIG.Tests\Integration\IntegrationTestBase.cs:line 34
   at SIG.Tests.Integration.OtherEndpointsTests.EntityNotFound_DevuelveProblemDetailsConCodeSemantico() in C:\Users\NallibeRiveraGrisale\Workspaces\SIG-es\backend\SIG.Tests\Integration\OtherEndpointsTests.cs:line 369
--- End of stack trace from previous location ---
  Con error SIG.Tests.Integration.OtherEndpointsTests.GetDashboardAvisos_DevuelveLista [230 ms]
  Mensaje de error:
   System.Net.Http.HttpRequestException : Response status code does not indicate success: 400 (Bad Request).
  Seguimiento de la pila:
     at System.Net.Http.HttpResponseMessage.EnsureSuccessStatusCode()
   at SIG.Tests.Integration.IntegrationTestFixture.LoginAsync(HttpClient client, String email, String password) in C:\Users\NallibeRiveraGrisale\Workspaces\SIG-es\backend\SIG.Tests\Integration\IntegrationTestBase.cs:line 96
   at SIG.Tests.Integration.IntegrationTestBase.CreateAuthenticatedClientAsync(String email, String password) in C:\Users\NallibeRiveraGrisale\Workspaces\SIG-es\backend\SIG.Tests\Integration\IntegrationTestBase.cs:line 34
   at SIG.Tests.Integration.OtherEndpointsTests.GetDashboardAvisos_DevuelveLista() in C:\Users\NallibeRiveraGrisale\Workspaces\SIG-es\backend\SIG.Tests\Integration\OtherEndpointsTests.cs:line 33
--- End of stack trace from previous location ---
  Con error SIG.Tests.Integration.OtherEndpointsTests.GetDepartments_ComoAdmin_DevuelveLista [231 ms]
  Mensaje de error:
   System.Net.Http.HttpRequestException : Response status code does not indicate success: 400 (Bad Request).
  Seguimiento de la pila:
     at System.Net.Http.HttpResponseMessage.EnsureSuccessStatusCode()
   at SIG.Tests.Integration.IntegrationTestFixture.LoginAsync(HttpClient client, String email, String password) in C:\Users\NallibeRiveraGrisale\Workspaces\SIG-es\backend\SIG.Tests\Integration\IntegrationTestBase.cs:line 96
   at SIG.Tests.Integration.IntegrationTestBase.CreateAuthenticatedClientAsync(String email, String password) in C:\Users\NallibeRiveraGrisale\Workspaces\SIG-es\backend\SIG.Tests\Integration\IntegrationTestBase.cs:line 34
   at SIG.Tests.Integration.OtherEndpointsTests.GetDepartments_ComoAdmin_DevuelveLista() in C:\Users\NallibeRiveraGrisale\Workspaces\SIG-es\backend\SIG.Tests\Integration\OtherEndpointsTests.cs:line 299
--- End of stack trace from previous location ---
  Con error SIG.Tests.Integration.OtherEndpointsTests.GetActions_DevuelvePaginado [220 ms]
  Mensaje de error:
   System.Net.Http.HttpRequestException : Response status code does not indicate success: 400 (Bad Request).
  Seguimiento de la pila:
     at System.Net.Http.HttpResponseMessage.EnsureSuccessStatusCode()
   at SIG.Tests.Integration.IntegrationTestFixture.LoginAsync(HttpClient client, String email, String password) in C:\Users\NallibeRiveraGrisale\Workspaces\SIG-es\backend\SIG.Tests\Integration\IntegrationTestBase.cs:line 96
   at SIG.Tests.Integration.IntegrationTestBase.CreateAuthenticatedClientAsync(String email, String password) in C:\Users\NallibeRiveraGrisale\Workspaces\SIG-es\backend\SIG.Tests\Integration\IntegrationTestBase.cs:line 34
   at SIG.Tests.Integration.OtherEndpointsTests.GetActions_DevuelvePaginado() in C:\Users\NallibeRiveraGrisale\Workspaces\SIG-es\backend\SIG.Tests\Integration\OtherEndpointsTests.cs:line 339
--- End of stack trace from previous location ---
  Con error SIG.Tests.Integration.OtherEndpointsTests.GetDashboard_DevuelveKpis [235 ms]
  Mensaje de error:
   System.Net.Http.HttpRequestException : Response status code does not indicate success: 400 (Bad Request).
  Seguimiento de la pila:
     at System.Net.Http.HttpResponseMessage.EnsureSuccessStatusCode()
   at SIG.Tests.Integration.IntegrationTestFixture.LoginAsync(HttpClient client, String email, String password) in C:\Users\NallibeRiveraGrisale\Workspaces\SIG-es\backend\SIG.Tests\Integration\IntegrationTestBase.cs:line 96
   at SIG.Tests.Integration.IntegrationTestBase.CreateAuthenticatedClientAsync(String email, String password) in C:\Users\NallibeRiveraGrisale\Workspaces\SIG-es\backend\SIG.Tests\Integration\IntegrationTestBase.cs:line 34
   at SIG.Tests.Integration.OtherEndpointsTests.GetDashboard_DevuelveKpis() in C:\Users\NallibeRiveraGrisale\Workspaces\SIG-es\backend\SIG.Tests\Integration\OtherEndpointsTests.cs:line 23
--- End of stack trace from previous location ---
  Con error SIG.Tests.Integration.OtherEndpointsTests.GetExportA3Innuva_ClosureNoAprobado_Devuelve409 [238 ms]
  Mensaje de error:
   System.Net.Http.HttpRequestException : Response status code does not indicate success: 400 (Bad Request).
  Seguimiento de la pila:
     at System.Net.Http.HttpResponseMessage.EnsureSuccessStatusCode()
   at SIG.Tests.Integration.IntegrationTestFixture.LoginAsync(HttpClient client, String email, String password) in C:\Users\NallibeRiveraGrisale\Workspaces\SIG-es\backend\SIG.Tests\Integration\IntegrationTestBase.cs:line 96
   at SIG.Tests.Integration.IntegrationTestBase.CreateAuthenticatedClientAsync(String email, String password) in C:\Users\NallibeRiveraGrisale\Workspaces\SIG-es\backend\SIG.Tests\Integration\IntegrationTestBase.cs:line 34
   at SIG.Tests.Integration.OtherEndpointsTests.GetExportA3Innuva_ClosureNoAprobado_Devuelve409() in C:\Users\NallibeRiveraGrisale\Workspaces\SIG-es\backend\SIG.Tests\Integration\OtherEndpointsTests.cs:line 175
--- End of stack trace from previous location ---
[xUnit.net 00:00:08.05]     SIG.Tests.Integration.OtherEndpointsTests.DuplicateException_DevuelveProblemDetailsConCodeDuplicate [FAIL]
[xUnit.net 00:00:08.29]     SIG.Tests.Integration.OtherEndpointsTests.GetAudit_ComoAdmin_DevuelvePaginado [FAIL]
[xUnit.net 00:00:08.53]     SIG.Tests.Integration.OtherEndpointsTests.GetPeriods_DevuelveLista [FAIL]
[xUnit.net 00:00:08.78]     SIG.Tests.Integration.OtherEndpointsTests.GetApprovalsPendientes_PorRol_DevuelveLista [FAIL]
[xUnit.net 00:00:08.99]     SIG.Tests.Integration.OtherEndpointsTests.GetApprovalsHistorial_ClosureInexistente_Devuelve404 [FAIL]
[xUnit.net 00:00:09.22]     SIG.Tests.Integration.OtherEndpointsTests.GetProjects_FiltroPorClientId_FiltraCorrectamente [FAIL]
[xUnit.net 00:00:09.43]     SIG.Tests.Integration.OtherEndpointsTests.GetCostCenters_ComoAdmin_DevuelveLista [FAIL]
  Con error SIG.Tests.Integration.OtherEndpointsTests.DuplicateException_DevuelveProblemDetailsConCodeDuplicate [218 ms]
  Mensaje de error:
   System.Net.Http.HttpRequestException : Response status code does not indicate success: 400 (Bad Request).
  Seguimiento de la pila:
     at System.Net.Http.HttpResponseMessage.EnsureSuccessStatusCode()
   at SIG.Tests.Integration.IntegrationTestFixture.LoginAsync(HttpClient client, String email, String password) in C:\Users\NallibeRiveraGrisale\Workspaces\SIG-es\backend\SIG.Tests\Integration\IntegrationTestBase.cs:line 96
   at SIG.Tests.Integration.IntegrationTestBase.CreateAuthenticatedClientAsync(String email, String password) in C:\Users\NallibeRiveraGrisale\Workspaces\SIG-es\backend\SIG.Tests\Integration\IntegrationTestBase.cs:line 34
   at SIG.Tests.Integration.OtherEndpointsTests.DuplicateException_DevuelveProblemDetailsConCodeDuplicate() in C:\Users\NallibeRiveraGrisale\Workspaces\SIG-es\backend\SIG.Tests\Integration\OtherEndpointsTests.cs:line 380
--- End of stack trace from previous location ---
  Con error SIG.Tests.Integration.OtherEndpointsTests.GetAudit_ComoAdmin_DevuelvePaginado [231 ms]
  Mensaje de error:
   System.Net.Http.HttpRequestException : Response status code does not indicate success: 400 (Bad Request).
  Seguimiento de la pila:
     at System.Net.Http.HttpResponseMessage.EnsureSuccessStatusCode()
   at SIG.Tests.Integration.IntegrationTestFixture.LoginAsync(HttpClient client, String email, String password) in C:\Users\NallibeRiveraGrisale\Workspaces\SIG-es\backend\SIG.Tests\Integration\IntegrationTestBase.cs:line 96
   at SIG.Tests.Integration.IntegrationTestBase.CreateAuthenticatedClientAsync(String email, String password) in C:\Users\NallibeRiveraGrisale\Workspaces\SIG-es\backend\SIG.Tests\Integration\IntegrationTestBase.cs:line 34
   at SIG.Tests.Integration.OtherEndpointsTests.GetAudit_ComoAdmin_DevuelvePaginado() in C:\Users\NallibeRiveraGrisale\Workspaces\SIG-es\backend\SIG.Tests\Integration\OtherEndpointsTests.cs:line 114
--- End of stack trace from previous location ---
  Con error SIG.Tests.Integration.OtherEndpointsTests.GetPeriods_DevuelveLista [237 ms]
  Mensaje de error:
   System.Net.Http.HttpRequestException : Response status code does not indicate success: 400 (Bad Request).
  Seguimiento de la pila:
     at System.Net.Http.HttpResponseMessage.EnsureSuccessStatusCode()
   at SIG.Tests.Integration.IntegrationTestFixture.LoginAsync(HttpClient client, String email, String password) in C:\Users\NallibeRiveraGrisale\Workspaces\SIG-es\backend\SIG.Tests\Integration\IntegrationTestBase.cs:line 96
   at SIG.Tests.Integration.IntegrationTestBase.CreateAuthenticatedClientAsync(String email, String password) in C:\Users\NallibeRiveraGrisale\Workspaces\SIG-es\backend\SIG.Tests\Integration\IntegrationTestBase.cs:line 34
   at SIG.Tests.Integration.OtherEndpointsTests.GetPeriods_DevuelveLista() in C:\Users\NallibeRiveraGrisale\Workspaces\SIG-es\backend\SIG.Tests\Integration\OtherEndpointsTests.cs:line 53
--- End of stack trace from previous location ---
  Con error SIG.Tests.Integration.OtherEndpointsTests.GetApprovalsPendientes_PorRol_DevuelveLista [250 ms]
  Mensaje de error:
   System.Net.Http.HttpRequestException : Response status code does not indicate success: 400 (Bad Request).
  Seguimiento de la pila:
     at System.Net.Http.HttpResponseMessage.EnsureSuccessStatusCode()
   at SIG.Tests.Integration.IntegrationTestFixture.LoginAsync(HttpClient client, String email, String password) in C:\Users\NallibeRiveraGrisale\Workspaces\SIG-es\backend\SIG.Tests\Integration\IntegrationTestBase.cs:line 96
   at SIG.Tests.Integration.IntegrationTestBase.CreateAuthenticatedClientAsync(String email, String password) in C:\Users\NallibeRiveraGrisale\Workspaces\SIG-es\backend\SIG.Tests\Integration\IntegrationTestBase.cs:line 34
   at SIG.Tests.Integration.OtherEndpointsTests.GetApprovalsPendientes_PorRol_DevuelveLista() in C:\Users\NallibeRiveraGrisale\Workspaces\SIG-es\backend\SIG.Tests\Integration\OtherEndpointsTests.cs:line 259
--- End of stack trace from previous location ---
  Con error SIG.Tests.Integration.OtherEndpointsTests.GetApprovalsHistorial_ClosureInexistente_Devuelve404 [209 ms]
  Mensaje de error:
   System.Net.Http.HttpRequestException : Response status code does not indicate success: 400 (Bad Request).
  Seguimiento de la pila:
     at System.Net.Http.HttpResponseMessage.EnsureSuccessStatusCode()
   at SIG.Tests.Integration.IntegrationTestFixture.LoginAsync(HttpClient client, String email, String password) in C:\Users\NallibeRiveraGrisale\Workspaces\SIG-es\backend\SIG.Tests\Integration\IntegrationTestBase.cs:line 96
   at SIG.Tests.Integration.IntegrationTestBase.CreateAuthenticatedClientAsync(String email, String password) in C:\Users\NallibeRiveraGrisale\Workspaces\SIG-es\backend\SIG.Tests\Integration\IntegrationTestBase.cs:line 34
   at SIG.Tests.Integration.OtherEndpointsTests.GetApprovalsHistorial_ClosureInexistente_Devuelve404() in C:\Users\NallibeRiveraGrisale\Workspaces\SIG-es\backend\SIG.Tests\Integration\OtherEndpointsTests.cs:line 269
--- End of stack trace from previous location ---
  Con error SIG.Tests.Integration.OtherEndpointsTests.GetProjects_FiltroPorClientId_FiltraCorrectamente [227 ms]
  Mensaje de error:
   System.Net.Http.HttpRequestException : Response status code does not indicate success: 400 (Bad Request).
  Seguimiento de la pila:
     at System.Net.Http.HttpResponseMessage.EnsureSuccessStatusCode()
   at SIG.Tests.Integration.IntegrationTestFixture.LoginAsync(HttpClient client, String email, String password) in C:\Users\NallibeRiveraGrisale\Workspaces\SIG-es\backend\SIG.Tests\Integration\IntegrationTestBase.cs:line 96
   at SIG.Tests.Integration.IntegrationTestBase.CreateAuthenticatedClientAsync(String email, String password) in C:\Users\NallibeRiveraGrisale\Workspaces\SIG-es\backend\SIG.Tests\Integration\IntegrationTestBase.cs:line 34
   at SIG.Tests.Integration.OtherEndpointsTests.GetProjects_FiltroPorClientId_FiltraCorrectamente() in C:\Users\NallibeRiveraGrisale\Workspaces\SIG-es\backend\SIG.Tests\Integration\OtherEndpointsTests.cs:line 325
--- End of stack trace from previous location ---
  Con error SIG.Tests.Integration.OtherEndpointsTests.GetCostCenters_ComoAdmin_DevuelveLista [211 ms]
  Mensaje de error:
   System.Net.Http.HttpRequestException : Response status code does not indicate success: 400 (Bad Request).
  Seguimiento de la pila:
     at System.Net.Http.HttpResponseMessage.EnsureSuccessStatusCode()
   at SIG.Tests.Integration.IntegrationTestFixture.LoginAsync(HttpClient client, String email, String password) in C:\Users\NallibeRiveraGrisale\Workspaces\SIG-es\backend\SIG.Tests\Integration\IntegrationTestBase.cs:line 96
   at SIG.Tests.Integration.IntegrationTestBase.CreateAuthenticatedClientAsync(String email, String password) in C:\Users\NallibeRiveraGrisale\Workspaces\SIG-es\backend\SIG.Tests\Integration\IntegrationTestBase.cs:line 34
   at SIG.Tests.Integration.OtherEndpointsTests.GetCostCenters_ComoAdmin_DevuelveLista() in C:\Users\NallibeRiveraGrisale\Workspaces\SIG-es\backend\SIG.Tests\Integration\OtherEndpointsTests.cs:line 307
--- End of stack trace from previous location ---
[xUnit.net 00:00:09.67]     SIG.Tests.Integration.OtherEndpointsTests.GetExportA3Innuva_ClosureAprobado_DevuelveXML [FAIL]
[xUnit.net 00:00:09.91]     SIG.Tests.Integration.OtherEndpointsTests.GetRoles_ComoAdmin_DevuelveLista [FAIL]
[xUnit.net 00:00:10.13]     SIG.Tests.Integration.OtherEndpointsTests.GetVariables_DevuelveLista [FAIL]
[xUnit.net 00:00:10.34]     SIG.Tests.Integration.OtherEndpointsTests.GetCalculation_ClosureLineInexistente_Devuelve404 [FAIL]
[xUnit.net 00:00:10.57]     SIG.Tests.Integration.OtherEndpointsTests.GetApprovals_DevuelvePaginado [FAIL]
[xUnit.net 00:00:10.79]     SIG.Tests.Integration.OtherEndpointsTests.PostSyncCelero_DosVecesSeguidas_DevuelveDuplicadosEnSegundoIntentoConHashSHA256 [FAIL]
[xUnit.net 00:00:11.00]     SIG.Tests.Integration.OtherEndpointsTests.GetAudit_ComoReader_Devuelve403 [FAIL]
  Con error SIG.Tests.Integration.OtherEndpointsTests.GetExportA3Innuva_ClosureAprobado_DevuelveXML [233 ms]
  Mensaje de error:
   System.Net.Http.HttpRequestException : Response status code does not indicate success: 400 (Bad Request).
  Seguimiento de la pila:
     at System.Net.Http.HttpResponseMessage.EnsureSuccessStatusCode()
   at SIG.Tests.Integration.IntegrationTestFixture.LoginAsync(HttpClient client, String email, String password) in C:\Users\NallibeRiveraGrisale\Workspaces\SIG-es\backend\SIG.Tests\Integration\IntegrationTestBase.cs:line 96
   at SIG.Tests.Integration.IntegrationTestBase.CreateAuthenticatedClientAsync(String email, String password) in C:\Users\NallibeRiveraGrisale\Workspaces\SIG-es\backend\SIG.Tests\Integration\IntegrationTestBase.cs:line 34
   at SIG.Tests.Integration.OtherEndpointsTests.GetExportA3Innuva_ClosureAprobado_DevuelveXML() in C:\Users\NallibeRiveraGrisale\Workspaces\SIG-es\backend\SIG.Tests\Integration\OtherEndpointsTests.cs:line 187
--- End of stack trace from previous location ---
  Con error SIG.Tests.Integration.OtherEndpointsTests.GetRoles_ComoAdmin_DevuelveLista [237 ms]
  Mensaje de error:
   System.Net.Http.HttpRequestException : Response status code does not indicate success: 400 (Bad Request).
  Seguimiento de la pila:
     at System.Net.Http.HttpResponseMessage.EnsureSuccessStatusCode()
   at SIG.Tests.Integration.IntegrationTestFixture.LoginAsync(HttpClient client, String email, String password) in C:\Users\NallibeRiveraGrisale\Workspaces\SIG-es\backend\SIG.Tests\Integration\IntegrationTestBase.cs:line 96
   at SIG.Tests.Integration.IntegrationTestBase.CreateAuthenticatedClientAsync(String email, String password) in C:\Users\NallibeRiveraGrisale\Workspaces\SIG-es\backend\SIG.Tests\Integration\IntegrationTestBase.cs:line 34
   at SIG.Tests.Integration.OtherEndpointsTests.GetRoles_ComoAdmin_DevuelveLista() in C:\Users\NallibeRiveraGrisale\Workspaces\SIG-es\backend\SIG.Tests\Integration\OtherEndpointsTests.cs:line 279
--- End of stack trace from previous location ---
  Con error SIG.Tests.Integration.OtherEndpointsTests.GetVariables_DevuelveLista [224 ms]
  Mensaje de error:
   System.Net.Http.HttpRequestException : Response status code does not indicate success: 400 (Bad Request).
  Seguimiento de la pila:
     at System.Net.Http.HttpResponseMessage.EnsureSuccessStatusCode()
   at SIG.Tests.Integration.IntegrationTestFixture.LoginAsync(HttpClient client, String email, String password) in C:\Users\NallibeRiveraGrisale\Workspaces\SIG-es\backend\SIG.Tests\Integration\IntegrationTestBase.cs:line 96
   at SIG.Tests.Integration.IntegrationTestBase.CreateAuthenticatedClientAsync(String email, String password) in C:\Users\NallibeRiveraGrisale\Workspaces\SIG-es\backend\SIG.Tests\Integration\IntegrationTestBase.cs:line 34
   at SIG.Tests.Integration.OtherEndpointsTests.GetVariables_DevuelveLista() in C:\Users\NallibeRiveraGrisale\Workspaces\SIG-es\backend\SIG.Tests\Integration\OtherEndpointsTests.cs:line 359
--- End of stack trace from previous location ---
  Con error SIG.Tests.Integration.OtherEndpointsTests.GetCalculation_ClosureLineInexistente_Devuelve404 [212 ms]
  Mensaje de error:
   System.Net.Http.HttpRequestException : Response status code does not indicate success: 400 (Bad Request).
  Seguimiento de la pila:
     at System.Net.Http.HttpResponseMessage.EnsureSuccessStatusCode()
   at SIG.Tests.Integration.IntegrationTestFixture.LoginAsync(HttpClient client, String email, String password) in C:\Users\NallibeRiveraGrisale\Workspaces\SIG-es\backend\SIG.Tests\Integration\IntegrationTestBase.cs:line 96
   at SIG.Tests.Integration.IntegrationTestBase.CreateAuthenticatedClientAsync(String email, String password) in C:\Users\NallibeRiveraGrisale\Workspaces\SIG-es\backend\SIG.Tests\Integration\IntegrationTestBase.cs:line 34
   at SIG.Tests.Integration.OtherEndpointsTests.GetCalculation_ClosureLineInexistente_Devuelve404() in C:\Users\NallibeRiveraGrisale\Workspaces\SIG-es\backend\SIG.Tests\Integration\OtherEndpointsTests.cs:line 349
--- End of stack trace from previous location ---
  Con error SIG.Tests.Integration.OtherEndpointsTests.GetApprovals_DevuelvePaginado [223 ms]
  Mensaje de error:
   System.Net.Http.HttpRequestException : Response status code does not indicate success: 400 (Bad Request).
  Seguimiento de la pila:
     at System.Net.Http.HttpResponseMessage.EnsureSuccessStatusCode()
   at SIG.Tests.Integration.IntegrationTestFixture.LoginAsync(HttpClient client, String email, String password) in C:\Users\NallibeRiveraGrisale\Workspaces\SIG-es\backend\SIG.Tests\Integration\IntegrationTestBase.cs:line 96
   at SIG.Tests.Integration.IntegrationTestBase.CreateAuthenticatedClientAsync(String email, String password) in C:\Users\NallibeRiveraGrisale\Workspaces\SIG-es\backend\SIG.Tests\Integration\IntegrationTestBase.cs:line 34
   at SIG.Tests.Integration.OtherEndpointsTests.GetApprovals_DevuelvePaginado() in C:\Users\NallibeRiveraGrisale\Workspaces\SIG-es\backend\SIG.Tests\Integration\OtherEndpointsTests.cs:line 249
--- End of stack trace from previous location ---
  Con error SIG.Tests.Integration.OtherEndpointsTests.PostSyncCelero_DosVecesSeguidas_DevuelveDuplicadosEnSegundoIntentoConHashSHA256 [217 ms]
  Mensaje de error:
   System.Net.Http.HttpRequestException : Response status code does not indicate success: 400 (Bad Request).
  Seguimiento de la pila:
     at System.Net.Http.HttpResponseMessage.EnsureSuccessStatusCode()
   at SIG.Tests.Integration.IntegrationTestFixture.LoginAsync(HttpClient client, String email, String password) in C:\Users\NallibeRiveraGrisale\Workspaces\SIG-es\backend\SIG.Tests\Integration\IntegrationTestBase.cs:line 96
   at SIG.Tests.Integration.IntegrationTestBase.CreateAuthenticatedClientAsync(String email, String password) in C:\Users\NallibeRiveraGrisale\Workspaces\SIG-es\backend\SIG.Tests\Integration\IntegrationTestBase.cs:line 34
   at SIG.Tests.Integration.OtherEndpointsTests.PostSyncCelero_DosVecesSeguidas_DevuelveDuplicadosEnSegundoIntentoConHashSHA256() in C:\Users\NallibeRiveraGrisale\Workspaces\SIG-es\backend\SIG.Tests\Integration\OtherEndpointsTests.cs:line 145
--- End of stack trace from previous location ---
  Con error SIG.Tests.Integration.OtherEndpointsTests.GetAudit_ComoReader_Devuelve403 [210 ms]
  Mensaje de error:
   System.Net.Http.HttpRequestException : Response status code does not indicate success: 400 (Bad Request).
  Seguimiento de la pila:
     at System.Net.Http.HttpResponseMessage.EnsureSuccessStatusCode()
   at SIG.Tests.Integration.IntegrationTestFixture.LoginAsync(HttpClient client, String email, String password) in C:\Users\NallibeRiveraGrisale\Workspaces\SIG-es\backend\SIG.Tests\Integration\IntegrationTestBase.cs:line 96
   at SIG.Tests.Integration.IntegrationTestBase.CreateAuthenticatedClientAsync(String email, String password) in C:\Users\NallibeRiveraGrisale\Workspaces\SIG-es\backend\SIG.Tests\Integration\IntegrationTestBase.cs:line 34
   at SIG.Tests.Integration.OtherEndpointsTests.GetAudit_ComoReader_Devuelve403() in C:\Users\NallibeRiveraGrisale\Workspaces\SIG-es\backend\SIG.Tests\Integration\OtherEndpointsTests.cs:line 124
--- End of stack trace from previous location ---
[xUnit.net 00:00:11.22]     SIG.Tests.Integration.OtherEndpointsTests.GetPeriodoActivo_DevuelvePeriodo [FAIL]
[xUnit.net 00:00:11.43]     SIG.Tests.Integration.OtherEndpointsTests.GetDashboardMisProyectos_FiltradoPorRol [FAIL]
[xUnit.net 00:00:11.67]     SIG.Tests.Integration.OtherEndpointsTests.PostSyncSistemaInvalido_Devuelve502 [FAIL]
[xUnit.net 00:00:11.88]     SIG.Tests.Integration.OtherEndpointsTests.PostSync_ComoReader_Devuelve403 [FAIL]
[xUnit.net 00:00:12.11]     SIG.Tests.Integration.OtherEndpointsTests.GetUsers_ComoAdmin_Devuelve200 [FAIL]
[xUnit.net 00:00:12.32]     SIG.Tests.Integration.OtherEndpointsTests.GetExportA3Erp_ClosureNoAprobado_Devuelve409 [FAIL]
[xUnit.net 00:00:12.56]     SIG.Tests.Integration.OtherEndpointsTests.GetExportA3Innuva_ComoReader_Devuelve403 [FAIL]
  Con error SIG.Tests.Integration.OtherEndpointsTests.GetPeriodoActivo_DevuelvePeriodo [222 ms]
  Mensaje de error:
   System.Net.Http.HttpRequestException : Response status code does not indicate success: 400 (Bad Request).
  Seguimiento de la pila:
     at System.Net.Http.HttpResponseMessage.EnsureSuccessStatusCode()
   at SIG.Tests.Integration.IntegrationTestFixture.LoginAsync(HttpClient client, String email, String password) in C:\Users\NallibeRiveraGrisale\Workspaces\SIG-es\backend\SIG.Tests\Integration\IntegrationTestBase.cs:line 96
   at SIG.Tests.Integration.IntegrationTestBase.CreateAuthenticatedClientAsync(String email, String password) in C:\Users\NallibeRiveraGrisale\Workspaces\SIG-es\backend\SIG.Tests\Integration\IntegrationTestBase.cs:line 34
   at SIG.Tests.Integration.OtherEndpointsTests.GetPeriodoActivo_DevuelvePeriodo() in C:\Users\NallibeRiveraGrisale\Workspaces\SIG-es\backend\SIG.Tests\Integration\OtherEndpointsTests.cs:line 63
--- End of stack trace from previous location ---
  Con error SIG.Tests.Integration.OtherEndpointsTests.GetDashboardMisProyectos_FiltradoPorRol [213 ms]
  Mensaje de error:
   System.Net.Http.HttpRequestException : Response status code does not indicate success: 400 (Bad Request).
  Seguimiento de la pila:
     at System.Net.Http.HttpResponseMessage.EnsureSuccessStatusCode()
   at SIG.Tests.Integration.IntegrationTestFixture.LoginAsync(HttpClient client, String email, String password) in C:\Users\NallibeRiveraGrisale\Workspaces\SIG-es\backend\SIG.Tests\Integration\IntegrationTestBase.cs:line 96
   at SIG.Tests.Integration.IntegrationTestBase.CreateAuthenticatedClientAsync(String email, String password) in C:\Users\NallibeRiveraGrisale\Workspaces\SIG-es\backend\SIG.Tests\Integration\IntegrationTestBase.cs:line 34
   at SIG.Tests.Integration.OtherEndpointsTests.GetDashboardMisProyectos_FiltradoPorRol() in C:\Users\NallibeRiveraGrisale\Workspaces\SIG-es\backend\SIG.Tests\Integration\OtherEndpointsTests.cs:line 41
--- End of stack trace from previous location ---
  Con error SIG.Tests.Integration.OtherEndpointsTests.PostSyncSistemaInvalido_Devuelve502 [231 ms]
  Mensaje de error:
   System.Net.Http.HttpRequestException : Response status code does not indicate success: 400 (Bad Request).
  Seguimiento de la pila:
     at System.Net.Http.HttpResponseMessage.EnsureSuccessStatusCode()
   at SIG.Tests.Integration.IntegrationTestFixture.LoginAsync(HttpClient client, String email, String password) in C:\Users\NallibeRiveraGrisale\Workspaces\SIG-es\backend\SIG.Tests\Integration\IntegrationTestBase.cs:line 96
   at SIG.Tests.Integration.IntegrationTestBase.CreateAuthenticatedClientAsync(String email, String password) in C:\Users\NallibeRiveraGrisale\Workspaces\SIG-es\backend\SIG.Tests\Integration\IntegrationTestBase.cs:line 34
   at SIG.Tests.Integration.OtherEndpointsTests.PostSyncSistemaInvalido_Devuelve502() in C:\Users\NallibeRiveraGrisale\Workspaces\SIG-es\backend\SIG.Tests\Integration\OtherEndpointsTests.cs:line 156
--- End of stack trace from previous location ---
  Con error SIG.Tests.Integration.OtherEndpointsTests.PostSync_ComoReader_Devuelve403 [217 ms]
  Mensaje de error:
   System.Net.Http.HttpRequestException : Response status code does not indicate success: 400 (Bad Request).
  Seguimiento de la pila:
     at System.Net.Http.HttpResponseMessage.EnsureSuccessStatusCode()
   at SIG.Tests.Integration.IntegrationTestFixture.LoginAsync(HttpClient client, String email, String password) in C:\Users\NallibeRiveraGrisale\Workspaces\SIG-es\backend\SIG.Tests\Integration\IntegrationTestBase.cs:line 96
   at SIG.Tests.Integration.IntegrationTestBase.CreateAuthenticatedClientAsync(String email, String password) in C:\Users\NallibeRiveraGrisale\Workspaces\SIG-es\backend\SIG.Tests\Integration\IntegrationTestBase.cs:line 34
   at SIG.Tests.Integration.OtherEndpointsTests.PostSync_ComoReader_Devuelve403() in C:\Users\NallibeRiveraGrisale\Workspaces\SIG-es\backend\SIG.Tests\Integration\OtherEndpointsTests.cs:line 165
--- End of stack trace from previous location ---
  Con error SIG.Tests.Integration.OtherEndpointsTests.GetUsers_ComoAdmin_Devuelve200 [221 ms]
  Mensaje de error:
   System.Net.Http.HttpRequestException : Response status code does not indicate success: 400 (Bad Request).
  Seguimiento de la pila:
     at System.Net.Http.HttpResponseMessage.EnsureSuccessStatusCode()
   at SIG.Tests.Integration.IntegrationTestFixture.LoginAsync(HttpClient client, String email, String password) in C:\Users\NallibeRiveraGrisale\Workspaces\SIG-es\backend\SIG.Tests\Integration\IntegrationTestBase.cs:line 96
   at SIG.Tests.Integration.IntegrationTestBase.CreateAuthenticatedClientAsync(String email, String password) in C:\Users\NallibeRiveraGrisale\Workspaces\SIG-es\backend\SIG.Tests\Integration\IntegrationTestBase.cs:line 34
   at SIG.Tests.Integration.OtherEndpointsTests.GetUsers_ComoAdmin_Devuelve200() in C:\Users\NallibeRiveraGrisale\Workspaces\SIG-es\backend\SIG.Tests\Integration\OtherEndpointsTests.cs:line 96
--- End of stack trace from previous location ---
  Con error SIG.Tests.Integration.OtherEndpointsTests.GetExportA3Erp_ClosureNoAprobado_Devuelve409 [215 ms]
  Mensaje de error:
   System.Net.Http.HttpRequestException : Response status code does not indicate success: 400 (Bad Request).
  Seguimiento de la pila:
     at System.Net.Http.HttpResponseMessage.EnsureSuccessStatusCode()
   at SIG.Tests.Integration.IntegrationTestFixture.LoginAsync(HttpClient client, String email, String password) in C:\Users\NallibeRiveraGrisale\Workspaces\SIG-es\backend\SIG.Tests\Integration\IntegrationTestBase.cs:line 96
   at SIG.Tests.Integration.IntegrationTestBase.CreateAuthenticatedClientAsync(String email, String password) in C:\Users\NallibeRiveraGrisale\Workspaces\SIG-es\backend\SIG.Tests\Integration\IntegrationTestBase.cs:line 34
   at SIG.Tests.Integration.OtherEndpointsTests.GetExportA3Erp_ClosureNoAprobado_Devuelve409() in C:\Users\NallibeRiveraGrisale\Workspaces\SIG-es\backend\SIG.Tests\Integration\OtherEndpointsTests.cs:line 209
--- End of stack trace from previous location ---
  Con error SIG.Tests.Integration.OtherEndpointsTests.GetExportA3Innuva_ComoReader_Devuelve403 [230 ms]
  Mensaje de error:
   System.Net.Http.HttpRequestException : Response status code does not indicate success: 400 (Bad Request).
  Seguimiento de la pila:
     at System.Net.Http.HttpResponseMessage.EnsureSuccessStatusCode()
   at SIG.Tests.Integration.IntegrationTestFixture.LoginAsync(HttpClient client, String email, String password) in C:\Users\NallibeRiveraGrisale\Workspaces\SIG-es\backend\SIG.Tests\Integration\IntegrationTestBase.cs:line 96
   at SIG.Tests.Integration.IntegrationTestBase.CreateAuthenticatedClientAsync(String email, String password) in C:\Users\NallibeRiveraGrisale\Workspaces\SIG-es\backend\SIG.Tests\Integration\IntegrationTestBase.cs:line 34
   at SIG.Tests.Integration.OtherEndpointsTests.GetExportA3Innuva_ComoReader_Devuelve403() in C:\Users\NallibeRiveraGrisale\Workspaces\SIG-es\backend\SIG.Tests\Integration\OtherEndpointsTests.cs:line 201
--- End of stack trace from previous location ---
[xUnit.net 00:00:13.12]     SIG.Tests.Integration.HealthAndAuthTests.GetMe_ConToken_DevuelveDatosDelUsuario [FAIL]
[xUnit.net 00:00:13.35]     SIG.Tests.Integration.HealthAndAuthTests.PostLogout_ConToken_Devuelve204 [FAIL]
[xUnit.net 00:00:13.57]     SIG.Tests.Integration.HealthAndAuthTests.PostRefresh_RefreshTokenValido_Devuelve200ConNuevoToken [FAIL]
  Con error SIG.Tests.Integration.HealthAndAuthTests.GetMe_ConToken_DevuelveDatosDelUsuario [214 ms]
  Mensaje de error:
   System.Net.Http.HttpRequestException : Response status code does not indicate success: 400 (Bad Request).
  Seguimiento de la pila:
     at System.Net.Http.HttpResponseMessage.EnsureSuccessStatusCode()
   at SIG.Tests.Integration.IntegrationTestFixture.LoginAsync(HttpClient client, String email, String password) in C:\Users\NallibeRiveraGrisale\Workspaces\SIG-es\backend\SIG.Tests\Integration\IntegrationTestBase.cs:line 96
   at SIG.Tests.Integration.IntegrationTestBase.CreateAuthenticatedClientAsync(String email, String password) in C:\Users\NallibeRiveraGrisale\Workspaces\SIG-es\backend\SIG.Tests\Integration\IntegrationTestBase.cs:line 34
   at SIG.Tests.Integration.HealthAndAuthTests.GetMe_ConToken_DevuelveDatosDelUsuario() in C:\Users\NallibeRiveraGrisale\Workspaces\SIG-es\backend\SIG.Tests\Integration\HealthAndAuthTests.cs:line 110
--- End of stack trace from previous location ---
  Con error SIG.Tests.Integration.HealthAndAuthTests.PostLogout_ConToken_Devuelve204 [229 ms]
  Mensaje de error:
   System.Net.Http.HttpRequestException : Response status code does not indicate success: 400 (Bad Request).
  Seguimiento de la pila:
     at System.Net.Http.HttpResponseMessage.EnsureSuccessStatusCode()
   at SIG.Tests.Integration.IntegrationTestFixture.LoginAsync(HttpClient client, String email, String password) in C:\Users\NallibeRiveraGrisale\Workspaces\SIG-es\backend\SIG.Tests\Integration\IntegrationTestBase.cs:line 96
   at SIG.Tests.Integration.IntegrationTestBase.CreateAuthenticatedClientAsync(String email, String password) in C:\Users\NallibeRiveraGrisale\Workspaces\SIG-es\backend\SIG.Tests\Integration\IntegrationTestBase.cs:line 34
   at SIG.Tests.Integration.HealthAndAuthTests.PostLogout_ConToken_Devuelve204() in C:\Users\NallibeRiveraGrisale\Workspaces\SIG-es\backend\SIG.Tests\Integration\HealthAndAuthTests.cs:line 130
--- End of stack trace from previous location ---
  Con error SIG.Tests.Integration.HealthAndAuthTests.PostRefresh_RefreshTokenValido_Devuelve200ConNuevoToken [208 ms]
  Mensaje de error:
   System.Net.Http.HttpRequestException : Response status code does not indicate success: 400 (Bad Request).
  Seguimiento de la pila:
     at System.Net.Http.HttpResponseMessage.EnsureSuccessStatusCode()
   at SIG.Tests.Integration.IntegrationTestFixture.LoginAsync(HttpClient client, String email, String password) in C:\Users\NallibeRiveraGrisale\Workspaces\SIG-es\backend\SIG.Tests\Integration\IntegrationTestBase.cs:line 96
   at SIG.Tests.Integration.HealthAndAuthTests.PostRefresh_RefreshTokenValido_Devuelve200ConNuevoToken() in C:\Users\NallibeRiveraGrisale\Workspaces\SIG-es\backend\SIG.Tests\Integration\HealthAndAuthTests.cs:line 89
--- End of stack trace from previous location ---
[xUnit.net 00:00:13.86]     SIG.Tests.Integration.HealthAndAuthTests.PostLogin_CredencialesValidas_Devuelve200ConToken [FAIL]
[xUnit.net 00:00:14.21]     SIG.Tests.Integration.ClosuresControllerTests.GetClosureById_NoExistente_Devuelve404 [FAIL]
[xUnit.net 00:00:14.46]     SIG.Tests.Integration.ClosuresControllerTests.CrearClosureProyectoYPeriodInexistentes_Devuelve404 [FAIL]
[xUnit.net 00:00:14.72]     SIG.Tests.Integration.ClosuresControllerTests.GetClosures_FiltradoPorEstadoAprobado_FuncionaParaAdmin [FAIL]
[xUnit.net 00:00:14.95]     SIG.Tests.Integration.ClosuresControllerTests.RecalcularConcurrenciaSinIfMatch_Devuelve412 [FAIL]
  Con error SIG.Tests.Integration.HealthAndAuthTests.PostLogin_CredencialesValidas_Devuelve200ConToken [264 ms]
  Mensaje de error:
   Expected resp.StatusCode to be HttpStatusCode.OK {value: 200}, but found HttpStatusCode.BadRequest {value: 400}.
  Seguimiento de la pila:
     at FluentAssertions.Execution.XUnit2TestFramework.Throw(String message)
   at FluentAssertions.Execution.TestFrameworkProvider.Throw(String message)
   at FluentAssertions.Execution.DefaultAssertionStrategy.HandleFailure(String message)
   at FluentAssertions.Execution.AssertionScope.FailWith(Func`1 failReasonFunc)
   at FluentAssertions.Execution.AssertionScope.FailWith(Func`1 failReasonFunc)
   at FluentAssertions.Execution.AssertionScope.FailWith(String message, Object[] args)
   at FluentAssertions.Primitives.EnumAssertions`2.Be(TEnum expected, String because, Object[] becauseArgs)
   at SIG.Tests.Integration.HealthAndAuthTests.PostLogin_CredencialesValidas_Devuelve200ConToken() in C:\Users\NallibeRiveraGrisale\Workspaces\SIG-es\backend\SIG.Tests\Integration\HealthAndAuthTests.cs:line 42
--- End of stack trace from previous location ---
  Con error SIG.Tests.Integration.ClosuresControllerTests.GetClosureById_NoExistente_Devuelve404 [254 ms]
  Mensaje de error:
   System.Net.Http.HttpRequestException : Response status code does not indicate success: 400 (Bad Request).
  Seguimiento de la pila:
     at System.Net.Http.HttpResponseMessage.EnsureSuccessStatusCode()
   at SIG.Tests.Integration.IntegrationTestFixture.LoginAsync(HttpClient client, String email, String password) in C:\Users\NallibeRiveraGrisale\Workspaces\SIG-es\backend\SIG.Tests\Integration\IntegrationTestBase.cs:line 96
   at SIG.Tests.Integration.IntegrationTestBase.CreateAuthenticatedClientAsync(String email, String password) in C:\Users\NallibeRiveraGrisale\Workspaces\SIG-es\backend\SIG.Tests\Integration\IntegrationTestBase.cs:line 34
   at SIG.Tests.Integration.ClosuresControllerTests.GetClosureById_NoExistente_Devuelve404() in C:\Users\NallibeRiveraGrisale\Workspaces\SIG-es\backend\SIG.Tests\Integration\ClosuresControllerTests.cs:line 31
--- End of stack trace from previous location ---
  Con error SIG.Tests.Integration.ClosuresControllerTests.CrearClosureProyectoYPeriodInexistentes_Devuelve404 [246 ms]
  Mensaje de error:
   System.Net.Http.HttpRequestException : Response status code does not indicate success: 400 (Bad Request).
  Seguimiento de la pila:
     at System.Net.Http.HttpResponseMessage.EnsureSuccessStatusCode()
   at SIG.Tests.Integration.IntegrationTestFixture.LoginAsync(HttpClient client, String email, String password) in C:\Users\NallibeRiveraGrisale\Workspaces\SIG-es\backend\SIG.Tests\Integration\IntegrationTestBase.cs:line 96
   at SIG.Tests.Integration.IntegrationTestBase.CreateAuthenticatedClientAsync(String email, String password) in C:\Users\NallibeRiveraGrisale\Workspaces\SIG-es\backend\SIG.Tests\Integration\IntegrationTestBase.cs:line 34
   at SIG.Tests.Integration.ClosuresControllerTests.CrearClosureProyectoYPeriodInexistentes_Devuelve404() in C:\Users\NallibeRiveraGrisale\Workspaces\SIG-es\backend\SIG.Tests\Integration\ClosuresControllerTests.cs:line 91
--- End of stack trace from previous location ---
  Con error SIG.Tests.Integration.ClosuresControllerTests.GetClosures_FiltradoPorEstadoAprobado_FuncionaParaAdmin [256 ms]
  Mensaje de error:
   System.Net.Http.HttpRequestException : Response status code does not indicate success: 400 (Bad Request).
  Seguimiento de la pila:
     at System.Net.Http.HttpResponseMessage.EnsureSuccessStatusCode()
   at SIG.Tests.Integration.IntegrationTestFixture.LoginAsync(HttpClient client, String email, String password) in C:\Users\NallibeRiveraGrisale\Workspaces\SIG-es\backend\SIG.Tests\Integration\IntegrationTestBase.cs:line 96
   at SIG.Tests.Integration.IntegrationTestBase.CreateAuthenticatedClientAsync(String email, String password) in C:\Users\NallibeRiveraGrisale\Workspaces\SIG-es\backend\SIG.Tests\Integration\IntegrationTestBase.cs:line 34
   at SIG.Tests.Integration.ClosuresControllerTests.GetClosures_FiltradoPorEstadoAprobado_FuncionaParaAdmin() in C:\Users\NallibeRiveraGrisale\Workspaces\SIG-es\backend\SIG.Tests\Integration\ClosuresControllerTests.cs:line 39
--- End of stack trace from previous location ---
  Con error SIG.Tests.Integration.ClosuresControllerTests.RecalcularConcurrenciaSinIfMatch_Devuelve412 [236 ms]
  Mensaje de error:
   System.Net.Http.HttpRequestException : Response status code does not indicate success: 400 (Bad Request).
  Seguimiento de la pila:
     at System.Net.Http.HttpResponseMessage.EnsureSuccessStatusCode()
   at SIG.Tests.Integration.IntegrationTestFixture.LoginAsync(HttpClient client, String email, String password) in C:\Users\NallibeRiveraGrisale\Workspaces\SIG-es\backend\SIG.Tests\Integration\IntegrationTestBase.cs:line 96
   at SIG.Tests.Integration.IntegrationTestBase.CreateAuthenticatedClientAsync(String email, String password) in C:\Users\NallibeRiveraGrisale\Workspaces\SIG-es\backend\SIG.Tests\Integration\IntegrationTestBase.cs:line 34
   at SIG.Tests.Integration.ClosuresControllerTests.RecalcularConcurrenciaSinIfMatch_Devuelve412() in C:\Users\NallibeRiveraGrisale\Workspaces\SIG-es\backend\SIG.Tests\Integration\ClosuresControllerTests.cs:line 49
--- End of stack trace from previous location ---
[xUnit.net 00:00:15.19]     SIG.Tests.Integration.ClosuresControllerTests.RecalcularPeriodoCerrado_Devuelve409_TrasCerrarPeriodo [FAIL]
[xUnit.net 00:00:15.43]     SIG.Tests.Integration.ClosuresControllerTests.GetClosures_ConToken_DevuelvePagedResult [FAIL]
[xUnit.net 00:00:15.66]     SIG.Tests.Integration.ClosuresControllerTests.RechazarSinMotivo_Devuelve400 [FAIL]
[xUnit.net 00:00:15.90]     SIG.Tests.Integration.ClosuresControllerTests.GetClosure_DetailIncluyeLineasYAprovals [FAIL]
[xUnit.net 00:00:16.14]     SIG.Tests.Integration.ClosuresControllerTests.AprobarConcurrenciaSinIfMatch_Devuelve412 [FAIL]
[xUnit.net 00:00:16.44]     SIG.Tests.Integration.ClientsControllerTests.GetClientById_NoExistente_Devuelve404 [FAIL]
  Con error SIG.Tests.Integration.ClosuresControllerTests.RecalcularPeriodoCerrado_Devuelve409_TrasCerrarPeriodo [240 ms]
  Mensaje de error:
   System.Net.Http.HttpRequestException : Response status code does not indicate success: 400 (Bad Request).
  Seguimiento de la pila:
     at System.Net.Http.HttpResponseMessage.EnsureSuccessStatusCode()
   at SIG.Tests.Integration.IntegrationTestFixture.LoginAsync(HttpClient client, String email, String password) in C:\Users\NallibeRiveraGrisale\Workspaces\SIG-es\backend\SIG.Tests\Integration\IntegrationTestBase.cs:line 96
   at SIG.Tests.Integration.IntegrationTestBase.CreateAuthenticatedClientAsync(String email, String password) in C:\Users\NallibeRiveraGrisale\Workspaces\SIG-es\backend\SIG.Tests\Integration\IntegrationTestBase.cs:line 34
   at SIG.Tests.Integration.ClosuresControllerTests.RecalcularPeriodoCerrado_Devuelve409_TrasCerrarPeriodo() in C:\Users\NallibeRiveraGrisale\Workspaces\SIG-es\backend\SIG.Tests\Integration\ClosuresControllerTests.cs:line 114
--- End of stack trace from previous location ---
  Con error SIG.Tests.Integration.ClosuresControllerTests.GetClosures_ConToken_DevuelvePagedResult [230 ms]
  Mensaje de error:
   System.Net.Http.HttpRequestException : Response status code does not indicate success: 400 (Bad Request).
  Seguimiento de la pila:
     at System.Net.Http.HttpResponseMessage.EnsureSuccessStatusCode()
   at SIG.Tests.Integration.IntegrationTestFixture.LoginAsync(HttpClient client, String email, String password) in C:\Users\NallibeRiveraGrisale\Workspaces\SIG-es\backend\SIG.Tests\Integration\IntegrationTestBase.cs:line 96
   at SIG.Tests.Integration.IntegrationTestBase.CreateAuthenticatedClientAsync(String email, String password) in C:\Users\NallibeRiveraGrisale\Workspaces\SIG-es\backend\SIG.Tests\Integration\IntegrationTestBase.cs:line 34
   at SIG.Tests.Integration.ClosuresControllerTests.GetClosures_ConToken_DevuelvePagedResult() in C:\Users\NallibeRiveraGrisale\Workspaces\SIG-es\backend\SIG.Tests\Integration\ClosuresControllerTests.cs:line 21
--- End of stack trace from previous location ---
  Con error SIG.Tests.Integration.ClosuresControllerTests.RechazarSinMotivo_Devuelve400 [235 ms]
  Mensaje de error:
   System.Net.Http.HttpRequestException : Response status code does not indicate success: 400 (Bad Request).
  Seguimiento de la pila:
     at System.Net.Http.HttpResponseMessage.EnsureSuccessStatusCode()
   at SIG.Tests.Integration.IntegrationTestFixture.LoginAsync(HttpClient client, String email, String password) in C:\Users\NallibeRiveraGrisale\Workspaces\SIG-es\backend\SIG.Tests\Integration\IntegrationTestBase.cs:line 96
   at SIG.Tests.Integration.IntegrationTestBase.CreateAuthenticatedClientAsync(String email, String password) in C:\Users\NallibeRiveraGrisale\Workspaces\SIG-es\backend\SIG.Tests\Integration\IntegrationTestBase.cs:line 34
   at SIG.Tests.Integration.ClosuresControllerTests.RechazarSinMotivo_Devuelve400() in C:\Users\NallibeRiveraGrisale\Workspaces\SIG-es\backend\SIG.Tests\Integration\ClosuresControllerTests.cs:line 76
--- End of stack trace from previous location ---
  Con error SIG.Tests.Integration.ClosuresControllerTests.GetClosure_DetailIncluyeLineasYAprovals [233 ms]
  Mensaje de error:
   System.Net.Http.HttpRequestException : Response status code does not indicate success: 400 (Bad Request).
  Seguimiento de la pila:
     at System.Net.Http.HttpResponseMessage.EnsureSuccessStatusCode()
   at SIG.Tests.Integration.IntegrationTestFixture.LoginAsync(HttpClient client, String email, String password) in C:\Users\NallibeRiveraGrisale\Workspaces\SIG-es\backend\SIG.Tests\Integration\IntegrationTestBase.cs:line 96
   at SIG.Tests.Integration.IntegrationTestBase.CreateAuthenticatedClientAsync(String email, String password) in C:\Users\NallibeRiveraGrisale\Workspaces\SIG-es\backend\SIG.Tests\Integration\IntegrationTestBase.cs:line 34
   at SIG.Tests.Integration.ClosuresControllerTests.GetClosure_DetailIncluyeLineasYAprovals() in C:\Users\NallibeRiveraGrisale\Workspaces\SIG-es\backend\SIG.Tests\Integration\ClosuresControllerTests.cs:line 100
--- End of stack trace from previous location ---
  Con error SIG.Tests.Integration.ClosuresControllerTests.AprobarConcurrenciaSinIfMatch_Devuelve412 [242 ms]
  Mensaje de error:
   System.Net.Http.HttpRequestException : Response status code does not indicate success: 400 (Bad Request).
  Seguimiento de la pila:
     at System.Net.Http.HttpResponseMessage.EnsureSuccessStatusCode()
   at SIG.Tests.Integration.IntegrationTestFixture.LoginAsync(HttpClient client, String email, String password) in C:\Users\NallibeRiveraGrisale\Workspaces\SIG-es\backend\SIG.Tests\Integration\IntegrationTestBase.cs:line 96
   at SIG.Tests.Integration.IntegrationTestBase.CreateAuthenticatedClientAsync(String email, String password) in C:\Users\NallibeRiveraGrisale\Workspaces\SIG-es\backend\SIG.Tests\Integration\IntegrationTestBase.cs:line 34
   at SIG.Tests.Integration.ClosuresControllerTests.AprobarConcurrenciaSinIfMatch_Devuelve412() in C:\Users\NallibeRiveraGrisale\Workspaces\SIG-es\backend\SIG.Tests\Integration\ClosuresControllerTests.cs:line 64
--- End of stack trace from previous location ---
  Con error SIG.Tests.Integration.ClientsControllerTests.GetClientById_NoExistente_Devuelve404 [237 ms]
  Mensaje de error:
   System.Net.Http.HttpRequestException : Response status code does not indicate success: 400 (Bad Request).
  Seguimiento de la pila:
     at System.Net.Http.HttpResponseMessage.EnsureSuccessStatusCode()
   at SIG.Tests.Integration.IntegrationTestFixture.LoginAsync(HttpClient client, String email, String password) in C:\Users\NallibeRiveraGrisale\Workspaces\SIG-es\backend\SIG.Tests\Integration\IntegrationTestBase.cs:line 96
   at SIG.Tests.Integration.IntegrationTestBase.CreateAuthenticatedClientAsync(String email, String password) in C:\Users\NallibeRiveraGrisale\Workspaces\SIG-es\backend\SIG.Tests\Integration\IntegrationTestBase.cs:line 34
   at SIG.Tests.Integration.ClientsControllerTests.GetClientById_NoExistente_Devuelve404() in C:\Users\NallibeRiveraGrisale\Workspaces\SIG-es\backend\SIG.Tests\Integration\ClientsControllerTests.cs:line 50
--- End of stack trace from previous location ---
[xUnit.net 00:00:16.68]     SIG.Tests.Integration.ClientsControllerTests.GetClients_ConToken_DevuelvePagedResult [FAIL]
[xUnit.net 00:00:16.91]     SIG.Tests.Integration.ClientsControllerTests.GetClientById_Existente_Devuelve200 [FAIL]
[xUnit.net 00:00:17.13]     SIG.Tests.Integration.ClientsControllerTests.PostClient_ComoAdministrator_Devuelve201YPermitiendoLuegoEliminarSoftDelete [FAIL]
[xUnit.net 00:00:17.36]     SIG.Tests.Integration.ClientsControllerTests.PostClient_NIFDuplicado_Devuelve409 [FAIL]
[xUnit.net 00:00:17.61]     SIG.Tests.Integration.ClientsControllerTests.PostClient_DatosInvalidos_Devuelve400 [FAIL]
[xUnit.net 00:00:17.83]     SIG.Tests.Integration.ClientsControllerTests.PostClient_ComoReader_Devuelve403 [FAIL]
  Con error SIG.Tests.Integration.ClientsControllerTests.GetClients_ConToken_DevuelvePagedResult [239 ms]
  Mensaje de error:
   System.Net.Http.HttpRequestException : Response status code does not indicate success: 400 (Bad Request).
  Seguimiento de la pila:
     at System.Net.Http.HttpResponseMessage.EnsureSuccessStatusCode()
   at SIG.Tests.Integration.IntegrationTestFixture.LoginAsync(HttpClient client, String email, String password) in C:\Users\NallibeRiveraGrisale\Workspaces\SIG-es\backend\SIG.Tests\Integration\IntegrationTestBase.cs:line 96
   at SIG.Tests.Integration.IntegrationTestBase.CreateAuthenticatedClientAsync(String email, String password) in C:\Users\NallibeRiveraGrisale\Workspaces\SIG-es\backend\SIG.Tests\Integration\IntegrationTestBase.cs:line 34
   at SIG.Tests.Integration.ClientsControllerTests.GetClients_ConToken_DevuelvePagedResult() in C:\Users\NallibeRiveraGrisale\Workspaces\SIG-es\backend\SIG.Tests\Integration\ClientsControllerTests.cs:line 19
--- End of stack trace from previous location ---
  Con error SIG.Tests.Integration.ClientsControllerTests.GetClientById_Existente_Devuelve200 [226 ms]
  Mensaje de error:
   System.Net.Http.HttpRequestException : Response status code does not indicate success: 400 (Bad Request).
  Seguimiento de la pila:
     at System.Net.Http.HttpResponseMessage.EnsureSuccessStatusCode()
   at SIG.Tests.Integration.IntegrationTestFixture.LoginAsync(HttpClient client, String email, String password) in C:\Users\NallibeRiveraGrisale\Workspaces\SIG-es\backend\SIG.Tests\Integration\IntegrationTestBase.cs:line 96
   at SIG.Tests.Integration.IntegrationTestBase.CreateAuthenticatedClientAsync(String email, String password) in C:\Users\NallibeRiveraGrisale\Workspaces\SIG-es\backend\SIG.Tests\Integration\IntegrationTestBase.cs:line 34
   at SIG.Tests.Integration.ClientsControllerTests.GetClientById_Existente_Devuelve200() in C:\Users\NallibeRiveraGrisale\Workspaces\SIG-es\backend\SIG.Tests\Integration\ClientsControllerTests.cs:line 38
--- End of stack trace from previous location ---
  Con error SIG.Tests.Integration.ClientsControllerTests.PostClient_ComoAdministrator_Devuelve201YPermitiendoLuegoEliminarSoftDelete [220 ms]
  Mensaje de error:
   System.Net.Http.HttpRequestException : Response status code does not indicate success: 400 (Bad Request).
  Seguimiento de la pila:
     at System.Net.Http.HttpResponseMessage.EnsureSuccessStatusCode()
   at SIG.Tests.Integration.IntegrationTestFixture.LoginAsync(HttpClient client, String email, String password) in C:\Users\NallibeRiveraGrisale\Workspaces\SIG-es\backend\SIG.Tests\Integration\IntegrationTestBase.cs:line 96
   at SIG.Tests.Integration.IntegrationTestBase.CreateAuthenticatedClientAsync(String email, String password) in C:\Users\NallibeRiveraGrisale\Workspaces\SIG-es\backend\SIG.Tests\Integration\IntegrationTestBase.cs:line 34
   at SIG.Tests.Integration.ClientsControllerTests.PostClient_ComoAdministrator_Devuelve201YPermitiendoLuegoEliminarSoftDelete() in C:\Users\NallibeRiveraGrisale\Workspaces\SIG-es\backend\SIG.Tests\Integration\ClientsControllerTests.cs:line 68
--- End of stack trace from previous location ---
  Con error SIG.Tests.Integration.ClientsControllerTests.PostClient_NIFDuplicado_Devuelve409 [230 ms]
  Mensaje de error:
   System.Net.Http.HttpRequestException : Response status code does not indicate success: 400 (Bad Request).
  Seguimiento de la pila:
     at System.Net.Http.HttpResponseMessage.EnsureSuccessStatusCode()
   at SIG.Tests.Integration.IntegrationTestFixture.LoginAsync(HttpClient client, String email, String password) in C:\Users\NallibeRiveraGrisale\Workspaces\SIG-es\backend\SIG.Tests\Integration\IntegrationTestBase.cs:line 96
   at SIG.Tests.Integration.IntegrationTestBase.CreateAuthenticatedClientAsync(String email, String password) in C:\Users\NallibeRiveraGrisale\Workspaces\SIG-es\backend\SIG.Tests\Integration\IntegrationTestBase.cs:line 34
   at SIG.Tests.Integration.ClientsControllerTests.PostClient_NIFDuplicado_Devuelve409() in C:\Users\NallibeRiveraGrisale\Workspaces\SIG-es\backend\SIG.Tests\Integration\ClientsControllerTests.cs:line 93
--- End of stack trace from previous location ---
  Con error SIG.Tests.Integration.ClientsControllerTests.PostClient_DatosInvalidos_Devuelve400 [243 ms]
  Mensaje de error:
   System.Net.Http.HttpRequestException : Response status code does not indicate success: 400 (Bad Request).
  Seguimiento de la pila:
     at System.Net.Http.HttpResponseMessage.EnsureSuccessStatusCode()
   at SIG.Tests.Integration.IntegrationTestFixture.LoginAsync(HttpClient client, String email, String password) in C:\Users\NallibeRiveraGrisale\Workspaces\SIG-es\backend\SIG.Tests\Integration\IntegrationTestBase.cs:line 96
   at SIG.Tests.Integration.IntegrationTestBase.CreateAuthenticatedClientAsync(String email, String password) in C:\Users\NallibeRiveraGrisale\Workspaces\SIG-es\backend\SIG.Tests\Integration\IntegrationTestBase.cs:line 34
   at SIG.Tests.Integration.ClientsControllerTests.PostClient_DatosInvalidos_Devuelve400() in C:\Users\NallibeRiveraGrisale\Workspaces\SIG-es\backend\SIG.Tests\Integration\ClientsControllerTests.cs:line 104
--- End of stack trace from previous location ---
  Con error SIG.Tests.Integration.ClientsControllerTests.PostClient_ComoReader_Devuelve403 [222 ms]
  Mensaje de error:
   System.Net.Http.HttpRequestException : Response status code does not indicate success: 400 (Bad Request).
  Seguimiento de la pila:
     at System.Net.Http.HttpResponseMessage.EnsureSuccessStatusCode()
   at SIG.Tests.Integration.IntegrationTestFixture.LoginAsync(HttpClient client, String email, String password) in C:\Users\NallibeRiveraGrisale\Workspaces\SIG-es\backend\SIG.Tests\Integration\IntegrationTestBase.cs:line 96
   at SIG.Tests.Integration.IntegrationTestBase.CreateAuthenticatedClientAsync(String email, String password) in C:\Users\NallibeRiveraGrisale\Workspaces\SIG-es\backend\SIG.Tests\Integration\IntegrationTestBase.cs:line 34
   at SIG.Tests.Integration.ClientsControllerTests.PostClient_ComoReader_Devuelve403() in C:\Users\NallibeRiveraGrisale\Workspaces\SIG-es\backend\SIG.Tests\Integration\ClientsControllerTests.cs:line 59
--- End of stack trace from previous location ---
[xUnit.net 00:00:18.12]     SIG.Tests.Integration.AuditAndSoftDeleteTests.ListClients_TrasSoftDelete_NoApareceEnListado [FAIL]
[xUnit.net 00:00:18.36]     SIG.Tests.Integration.AuditAndSoftDeleteTests.Login_EscribeAuditLogConAccionLogin [FAIL]
[xUnit.net 00:00:18.60]     SIG.Tests.Integration.AuditAndSoftDeleteTests.DeleteClient_AplicaSoftDelete_EnDbRegistroSigueExistiendoConIsDeletedTrue [FAIL]
[xUnit.net 00:00:18.85]     SIG.Tests.Integration.AuditAndSoftDeleteTests.CrearCliente_EscribeAuditLogEnMismaTransaccion_RNF02 [FAIL]
[xUnit.net 00:00:19.17]     SIG.Tests.Integration.ApprovalFlowTests.FlujoCompleto_PmApruebaUnaVezYAvanzaABackoffice [FAIL]
[xUnit.net 00:00:19.38]     SIG.Tests.Integration.ApprovalFlowTests.RecalcularConcurrencyConflict_RowVersionStale_Devuelve412 [FAIL]
[xUnit.net 00:00:19.60]     SIG.Tests.Integration.ApprovalFlowTests.ApproveYaAprobado_Devuelve409 [FAIL]
  Con error SIG.Tests.Integration.AuditAndSoftDeleteTests.ListClients_TrasSoftDelete_NoApareceEnListado [228 ms]
  Mensaje de error:
   System.Net.Http.HttpRequestException : Response status code does not indicate success: 400 (Bad Request).
  Seguimiento de la pila:
     at System.Net.Http.HttpResponseMessage.EnsureSuccessStatusCode()
   at SIG.Tests.Integration.IntegrationTestFixture.LoginAsync(HttpClient client, String email, String password) in C:\Users\NallibeRiveraGrisale\Workspaces\SIG-es\backend\SIG.Tests\Integration\IntegrationTestBase.cs:line 96
   at SIG.Tests.Integration.IntegrationTestBase.CreateAuthenticatedClientAsync(String email, String password) in C:\Users\NallibeRiveraGrisale\Workspaces\SIG-es\backend\SIG.Tests\Integration\IntegrationTestBase.cs:line 34
   at SIG.Tests.Integration.AuditAndSoftDeleteTests.ListClients_TrasSoftDelete_NoApareceEnListado() in C:\Users\NallibeRiveraGrisale\Workspaces\SIG-es\backend\SIG.Tests\Integration\AuditAndSoftDeleteTests.cs:line 100
--- End of stack trace from previous location ---
  Con error SIG.Tests.Integration.AuditAndSoftDeleteTests.Login_EscribeAuditLogConAccionLogin [232 ms]
  Mensaje de error:
   Expected resp.StatusCode to be HttpStatusCode.OK {value: 200}, but found HttpStatusCode.BadRequest {value: 400}.
  Seguimiento de la pila:
     at FluentAssertions.Execution.XUnit2TestFramework.Throw(String message)
   at FluentAssertions.Execution.TestFrameworkProvider.Throw(String message)
   at FluentAssertions.Execution.DefaultAssertionStrategy.HandleFailure(String message)
   at FluentAssertions.Execution.AssertionScope.FailWith(Func`1 failReasonFunc)
   at FluentAssertions.Execution.AssertionScope.FailWith(Func`1 failReasonFunc)
   at FluentAssertions.Execution.AssertionScope.FailWith(String message, Object[] args)
   at FluentAssertions.Primitives.EnumAssertions`2.Be(TEnum expected, String because, Object[] becauseArgs)
   at SIG.Tests.Integration.AuditAndSoftDeleteTests.Login_EscribeAuditLogConAccionLogin() in C:\Users\NallibeRiveraGrisale\Workspaces\SIG-es\backend\SIG.Tests\Integration\AuditAndSoftDeleteTests.cs:line 61
--- End of stack trace from previous location ---
  Con error SIG.Tests.Integration.AuditAndSoftDeleteTests.DeleteClient_AplicaSoftDelete_EnDbRegistroSigueExistiendoConIsDeletedTrue [242 ms]
  Mensaje de error:
   System.Net.Http.HttpRequestException : Response status code does not indicate success: 400 (Bad Request).
  Seguimiento de la pila:
     at System.Net.Http.HttpResponseMessage.EnsureSuccessStatusCode()
   at SIG.Tests.Integration.IntegrationTestFixture.LoginAsync(HttpClient client, String email, String password) in C:\Users\NallibeRiveraGrisale\Workspaces\SIG-es\backend\SIG.Tests\Integration\IntegrationTestBase.cs:line 96
   at SIG.Tests.Integration.IntegrationTestBase.CreateAuthenticatedClientAsync(String email, String password) in C:\Users\NallibeRiveraGrisale\Workspaces\SIG-es\backend\SIG.Tests\Integration\IntegrationTestBase.cs:line 34
   at SIG.Tests.Integration.AuditAndSoftDeleteTests.DeleteClient_AplicaSoftDelete_EnDbRegistroSigueExistiendoConIsDeletedTrue() in C:\Users\NallibeRiveraGrisale\Workspaces\SIG-es\backend\SIG.Tests\Integration\AuditAndSoftDeleteTests.cs:line 74
--- End of stack trace from previous location ---
  Con error SIG.Tests.Integration.AuditAndSoftDeleteTests.CrearCliente_EscribeAuditLogEnMismaTransaccion_RNF02 [250 ms]
  Mensaje de error:
   System.Net.Http.HttpRequestException : Response status code does not indicate success: 400 (Bad Request).
  Seguimiento de la pila:
     at System.Net.Http.HttpResponseMessage.EnsureSuccessStatusCode()
   at SIG.Tests.Integration.IntegrationTestFixture.LoginAsync(HttpClient client, String email, String password) in C:\Users\NallibeRiveraGrisale\Workspaces\SIG-es\backend\SIG.Tests\Integration\IntegrationTestBase.cs:line 96
   at SIG.Tests.Integration.IntegrationTestBase.CreateAuthenticatedClientAsync(String email, String password) in C:\Users\NallibeRiveraGrisale\Workspaces\SIG-es\backend\SIG.Tests\Integration\IntegrationTestBase.cs:line 34
   at SIG.Tests.Integration.AuditAndSoftDeleteTests.CrearCliente_EscribeAuditLogEnMismaTransaccion_RNF02() in C:\Users\NallibeRiveraGrisale\Workspaces\SIG-es\backend\SIG.Tests\Integration\AuditAndSoftDeleteTests.cs:line 25
--- End of stack trace from previous location ---
  Con error SIG.Tests.Integration.ApprovalFlowTests.FlujoCompleto_PmApruebaUnaVezYAvanzaABackoffice [241 ms]
  Mensaje de error:
   System.Net.Http.HttpRequestException : Response status code does not indicate success: 400 (Bad Request).
  Seguimiento de la pila:
     at System.Net.Http.HttpResponseMessage.EnsureSuccessStatusCode()
   at SIG.Tests.Integration.IntegrationTestFixture.LoginAsync(HttpClient client, String email, String password) in C:\Users\NallibeRiveraGrisale\Workspaces\SIG-es\backend\SIG.Tests\Integration\IntegrationTestBase.cs:line 96
   at SIG.Tests.Integration.IntegrationTestBase.CreateAuthenticatedClientAsync(String email, String password) in C:\Users\NallibeRiveraGrisale\Workspaces\SIG-es\backend\SIG.Tests\Integration\IntegrationTestBase.cs:line 34
   at SIG.Tests.Integration.ApprovalFlowTests.FlujoCompleto_PmApruebaUnaVezYAvanzaABackoffice() in C:\Users\NallibeRiveraGrisale\Workspaces\SIG-es\backend\SIG.Tests\Integration\ApprovalFlowTests.cs:line 36
--- End of stack trace from previous location ---
  Con error SIG.Tests.Integration.ApprovalFlowTests.RecalcularConcurrencyConflict_RowVersionStale_Devuelve412 [217 ms]
  Mensaje de error:
   System.Net.Http.HttpRequestException : Response status code does not indicate success: 400 (Bad Request).
  Seguimiento de la pila:
     at System.Net.Http.HttpResponseMessage.EnsureSuccessStatusCode()
   at SIG.Tests.Integration.IntegrationTestFixture.LoginAsync(HttpClient client, String email, String password) in C:\Users\NallibeRiveraGrisale\Workspaces\SIG-es\backend\SIG.Tests\Integration\IntegrationTestBase.cs:line 96
   at SIG.Tests.Integration.IntegrationTestBase.CreateAuthenticatedClientAsync(String email, String password) in C:\Users\NallibeRiveraGrisale\Workspaces\SIG-es\backend\SIG.Tests\Integration\IntegrationTestBase.cs:line 34
   at SIG.Tests.Integration.ApprovalFlowTests.RecalcularConcurrencyConflict_RowVersionStale_Devuelve412() in C:\Users\NallibeRiveraGrisale\Workspaces\SIG-es\backend\SIG.Tests\Integration\ApprovalFlowTests.cs:line 95
--- End of stack trace from previous location ---
  Con error SIG.Tests.Integration.ApprovalFlowTests.ApproveYaAprobado_Devuelve409 [217 ms]
  Mensaje de error:
   System.Net.Http.HttpRequestException : Response status code does not indicate success: 400 (Bad Request).
  Seguimiento de la pila:
     at System.Net.Http.HttpResponseMessage.EnsureSuccessStatusCode()
   at SIG.Tests.Integration.IntegrationTestFixture.LoginAsync(HttpClient client, String email, String password) in C:\Users\NallibeRiveraGrisale\Workspaces\SIG-es\backend\SIG.Tests\Integration\IntegrationTestBase.cs:line 96
   at SIG.Tests.Integration.IntegrationTestBase.CreateAuthenticatedClientAsync(String email, String password) in C:\Users\NallibeRiveraGrisale\Workspaces\SIG-es\backend\SIG.Tests\Integration\IntegrationTestBase.cs:line 34
   at SIG.Tests.Integration.ApprovalFlowTests.ApproveYaAprobado_Devuelve409() in C:\Users\NallibeRiveraGrisale\Workspaces\SIG-es\backend\SIG.Tests\Integration\ApprovalFlowTests.cs:line 80
--- End of stack trace from previous location ---
[xUnit.net 00:00:19.82]     SIG.Tests.Integration.ApprovalFlowTests.RechazarDevuelveClosureAEstadoRechazadoYPasoAnterior [FAIL]
  Con error SIG.Tests.Integration.ApprovalFlowTests.RechazarDevuelveClosureAEstadoRechazadoYPasoAnterior [223 ms]
  Mensaje de error:
   System.Net.Http.HttpRequestException : Response status code does not indicate success: 400 (Bad Request).
  Seguimiento de la pila:
     at System.Net.Http.HttpResponseMessage.EnsureSuccessStatusCode()
   at SIG.Tests.Integration.IntegrationTestFixture.LoginAsync(HttpClient client, String email, String password) in C:\Users\NallibeRiveraGrisale\Workspaces\SIG-es\backend\SIG.Tests\Integration\IntegrationTestBase.cs:line 96
   at SIG.Tests.Integration.IntegrationTestBase.CreateAuthenticatedClientAsync(String email, String password) in C:\Users\NallibeRiveraGrisale\Workspaces\SIG-es\backend\SIG.Tests\Integration\IntegrationTestBase.cs:line 34
   at SIG.Tests.Integration.ApprovalFlowTests.RechazarDevuelveClosureAEstadoRechazadoYPasoAnterior() in C:\Users\NallibeRiveraGrisale\Workspaces\SIG-es\backend\SIG.Tests\Integration\ApprovalFlowTests.cs:line 55
--- End of stack trace from previous location ---

Con error! - Con error:    72, Superado:   132, Omitido:     0, Total:   204, Duración: 19 s - SIG.Tests.dll (net10.0)
